<html>
<body>
<pre>
<h1>µVision Build Log</h1>
<h2>Tool Versions:</h2>
IDE-Version: µVision V5.26.2.0
Copyright (C) 2018 ARM Ltd and ARM Germany GmbH. All rights reserved.
License Information: Dylan Christopherson, UW - Stout, LIC=----
 
Tool Versions:
Toolchain:       MDK-Lite  Version: 5.26.2.0
Toolchain Path:  D:\Downloads\arm_Keil\ARM\ARMCC\Bin
C Compiler:      Armcc.exe V5.06 update 6 (build 750)
Assembler:       Armasm.exe V5.06 update 6 (build 750)
Linker/Locator:  ArmLink.exe V5.06 update 6 (build 750)
Library Manager: ArmAr.exe V5.06 update 6 (build 750)
Hex Converter:   FromElf.exe V5.06 update 6 (build 750)
CPU DLL:         SARMCM3.DLL V5.26.2.0
Dialog DLL:      DARMCM1.DLL V1.19.1.0
Target DLL:      CMSIS_AGDI.dll V1.30.6.0
Dialog DLL:      TARMCM1.DLL V1.14.0.0
 
<h2>Project:</h2>
D:\School\msd\Labs\finalproject\test\Freescale_TSS_3_1\examples\FRDMKLXX_DEMO\build\uv4\FRDMKL25Z_DEMO\FRDMKL25Z_DEMO.uvproj
Project File Date:  04/27/2019

<h2>Output:</h2>
*** Using Compiler 'V5.06 update 6 (build 750)', folder: 'D:\Downloads\arm_Keil\ARM\ARMCC\Bin'
Build target 'TouchSensor_DC'
compiling events.c...
compiling main.c...
linking...
Program Size: Code=25124 RO-data=1172 RW-data=728 ZI-data=1232  
".\FRDMKL25Z48M_DEMO\TWRKL25Z48M_DEMO.axf" - 0 Error(s), 0 Warning(s).
Build Time Elapsed:  00:00:03
</pre>
</body>
</html>
