Component: ARM Compiler 5.06 update 6 (build 750) Tool: armlink [4d35ed]

==============================================================================

Section Cross References

    app_init.o(.text) refers to wdog_kl25.o(.text) for wdog_disable
    app_init.o(.text) refers to board.o(.text) for LPTMRStop
    app_init.o(.text) refers to tss_main.o(i.TSS_Init) for TSS_Init
    app_init.o(.text) refers to tss_main.o(i.TSS_SetSystemConfig) for TSS_SetSystemConfig
    app_init.o(.text) refers to tss_asliderdecoder.o(i.TSS_SetASliderConfig) for TSS_SetASliderConfig
    app_init.o(.text) refers to tss_systemsetupdata.o(.data) for cASlider1
    events.o(.text) refers to tss_main.o(i.TSS_SetSystemConfig) for TSS_SetSystemConfig
    events.o(.text) refers to board.o(.text) for InitDevices
    events.o(.text) refers to tss_systemsetupdata.o(.bss) for tss_CSSys
    events.o(.text) refers to tss_sensor.o(.data) for tss_u8SampleIntFlag
    events.o(.text) refers to main.o(.data) for u16LPcounter
    freemaster_protocol.o(.text) refers to freemaster_scope.o(.text) for FMSTR_InitScope
    freemaster_protocol.o(.text) refers to freemaster_serial.o(.text) for FMSTR_InitSerial
    freemaster_protocol.o(.text) refers to freemaster_kxx.o(.text) for FMSTR_AddressFromBuffer
    freemaster_scope.o(.text) refers to freemaster_kxx.o(.text) for FMSTR_AddressFromBuffer
    freemaster_scope.o(.text) refers to freemaster_scope.o(.data) for pcm_nScopeVarCount
    freemaster_scope.o(.text) refers to freemaster_scope.o(.bss) for pcm_pScopeVarAddr
    freemaster_serial.o(.text) refers to freemaster_protocol.o(.text) for FMSTR_ProtocolDecoder
    freemaster_serial.o(.text) refers to freemaster_serial.o(.data) for pcm_pRQueueWP
    freemaster_serial.o(.text) refers to freemaster_serial.o(.bss) for pcm_pRQueueBuffer
    freemaster_kxx.o(.text) refers to freemaster_serial.o(.text) for FMSTR_ProcessSCI
    freemaster_kxx.o(.text) refers to events.o(.text) for TSS_FmstrIsrCallbackCustom
    freemaster_kxx.o(.text) refers to freemaster_kxx.o(.data) for pcm_bNextAddrIsEx
    sysinit_kl25.o(.text) refers to mcg_kl25.o(.text) for pll_init
    sysinit_kl25.o(.text) refers to sysinit_kl25.o(.data) for mcg_clk_hz
    mcg_kl25.o(.text) refers to idiv.o(.text) for __aeabi_idivmod
    mcg_kl25.o(.text) refers to uidiv.o(.text) for __aeabi_uidivmod
    mcg_kl25.o(.text) refers to fflti.o(.text) for __aeabi_i2f
    mcg_kl25.o(.text) refers to fdiv.o(.text) for __aeabi_fdiv
    mcg_kl25.o(.text) refers to fmul.o(.text) for __aeabi_fmul
    mcg_kl25.o(.text) refers to ffixui.o(.text) for __aeabi_f2uiz
    uart_kl25.o(.text) refers to idiv.o(.text) for __aeabi_idivmod
    tss_freemaster.o(.text) refers to tss_asliderdecoder.o(i.__ARM_common_switch8) for __ARM_common_switch8
    tss_freemaster.o(.text) refers to tss_main.o(i.TSS_SetSystemConfig) for TSS_SetSystemConfig
    tss_freemaster.o(.text) refers to tss_keypaddecoder.o(i.TSS_SetKeypadConfig) for TSS_SetKeypadConfig
    tss_freemaster.o(.text) refers to tss_sliderdecoder.o(i.TSS_SetSliderConfig) for TSS_SetSliderConfig
    tss_freemaster.o(.text) refers to tss_asliderdecoder.o(i.TSS_SetASliderConfig) for TSS_SetASliderConfig
    tss_freemaster.o(.text) refers to tss_matrixdecoder.o(i.TSS_SetMatrixConfig) for TSS_SetMatrixConfig
    tss_freemaster.o(.text) refers to tss_freemaster.o(.data) for fmstr_write
    tss_freemaster.o(.text) refers to tss_systemsetupdata.o(.constdata) for tss_cu16Version
    tss_freemaster.o(.text) refers to tss_sensor.o(.data) for tss_u8SampleIntFlag
    tss_sensor.o(.text) refers to tss_main.o(i.TSS_BrowseModules) for TSS_BrowseModules
    tss_sensor.o(.text) refers to tss_sensor.o(.constdata) for tss_acp8ElectrodeROMData
    tss_sensor.o(.constdata) refers to tss_sensortsil.o(.text) for TSIL_SampleElectrode
    tss_sensor.o(.constdata) refers to tss_sensor.o(.text) for TSS_SampleElectrodeLowE0
    tss_sensor.o(.constdata) refers to tss_sensortsil.o(.constdata) for TSS_E0_ROMDATA_CONTEXT
    tss_sensor.o(.data) refers to tss_sensortsil.o(.data) for TSS_E0_RAMDATA_CONTEXT
    tss_sensortsil.o(.text) refers to tss_systemsetupdata.o(.bss) for tss_CSSys
    tss_sensortsil.o(.text) refers to tss_sensor.o(.constdata) for tss_acp8ElectrodeROMData
    tss_sensortsil.o(.text) refers to tss_systemsetupdata.o(.data) for tss_au8ElectrodeEnablers
    tss_sensortsil.o(.text) refers to tss_sensortsil.o(.constdata) for .constdata
    tss_sensortsil.o(.text) refers to tss_main.o(i.TSS_GetSystemConfig) for TSS_GetSystemConfig
    tss_sensortsil.o(.text) refers to tss_asliderdecoder.o(i.__ARM_common_switch8) for __ARM_common_switch8
    tss_sensortsil.o(.text) refers to tss_keydetector.o(.data) for tss_u16CapSample
    tss_sensortsil.o(.text) refers to tss_systemsetupdata.o(.constdata) for tss_cau8SignalDivider
    tss_sensortsil.o(.text) refers to tss_main.o(i.TSS_SetSystemConfig) for TSS_SetSystemConfig
[...]
    tss_main.o(i.TSS_ProximityConfig) refers to tss_systemsetupdata.o(.constdata) for tss_fInitPrevCapSample
    tss_main.o(i.TSS_SetControlElectrodesEnablers) refers to tss_sensor.o(.text) for TSS_SensorInit
    tss_main.o(i.TSS_SetControlElectrodesEnablers) refers to tss_systemsetupdata.o(.constdata) for tss_acpsDecROMContext
    tss_main.o(i.TSS_SetControlElectrodesEnablers) refers to tss_systemsetupdata.o(.data) for tss_au8ElectrodeDCTrackerEnablers
    tss_main.o(i.TSS_SetControlElectrodesEnablers) refers to tss_systemsetupdata.o(.bss) for tss_CSSys
    tss_main.o(i.TSS_SetControlPrivateData) refers to tss_systemsetupdata.o(.constdata) for tss_fSetInternalPrivateData
    tss_main.o(i.TSS_SetSystemConfig) refers to tss_sensor.o(.text) for TSS_SensorInit
    tss_main.o(i.TSS_SetSystemConfig) refers to tss_main.o(i.TSS_Init) for TSS_Init
    tss_main.o(i.TSS_SetSystemConfig) refers to tss_main.o(.data) for .data
    tss_main.o(i.TSS_SetSystemConfig) refers to tss_systemsetupdata.o(.constdata) for tss_cu8ElecBitFldLn
    tss_main.o(i.TSS_SetSystemConfig) refers to tss_systemsetupdata.o(.bss) for tss_CSSys
    tss_main.o(i.TSS_SetSystemConfig) refers to tss_systemsetupdata.o(.data) for tss_au8Sensitivity
    tss_main.o(i.TSS_StoreAllSystemData) refers to tss_main.o(i.TSS_StoreElectrodeData) for TSS_StoreElectrodeData
    tss_main.o(i.TSS_StoreAllSystemData) refers to tss_main.o(i.TSS_StoreModulesData) for TSS_StoreModulesData
    tss_main.o(i.TSS_StoreAllSystemData) refers to tss_main.o(i.TSS_GetCheckSum) for TSS_GetCheckSum
    tss_main.o(i.TSS_StoreAllSystemData) refers to tss_systemsetupdata.o(.constdata) for tss_cu8NumElecs
    tss_main.o(i.TSS_StoreElectrodeData) refers to tss_systemsetupdata.o(.constdata) for tss_cu8NumElecs
    tss_main.o(i.TSS_StoreModulesData) refers to tss_main.o(i.TSS_BrowseModules) for TSS_BrowseModules
    tss_main.o(i.TSS_StoreModulesData) refers to tss_main.o(.data) for .data
    tss_main.o(i.TSS_StoreModulesData) refers to tss_main.o(i.TSS_StoreModulesDataCallback) for TSS_StoreModulesDataCallback
    tss_main.o(i.TSS_StoreModulesDataCallback) refers to tss_sensor.o(.constdata) for tss_faSampleElectrode
    tss_main.o(i.TSS_StoreModulesDataCallback) refers to tss_main.o(.data) for .data
    tss_main.o(i.TSS_StoreModulesDataCallback) refers to tss_keydetector.o(.data) for tss_u16CapSample
    tss_main.o(i.TSS_Task) refers to tss_keydetector.o(i.TSS_KeyDetectorMain) for TSS_KeyDetectorMain
    tss_main.o(i.TSS_Task) refers to tss_main.o(i.TSS_FaultEvaluation) for TSS_FaultEvaluation
    tss_main.o(i.TSS_Task) refers to tss_keydetector.o(i.TSS_KeyDetectorRecalibrateModules) for TSS_KeyDetectorRecalibrateModules
    tss_main.o(i.TSS_Task) refers to tss_main.o(.data) for .data
    tss_main.o(i.TSS_Task) refers to tss_systemsetupdata.o(.constdata) for tss_fDataCorruptionCheck
    tss_main.o(i.TSS_Task) refers to tss_systemsetupdata.o(.bss) for tss_CSSys
    tss_main.o(i.TSS_TaskSeq) refers to tss_keydetector.o(i.TSS_KeyDetectorMainSequenced) for TSS_KeyDetectorMainSequenced
    tss_main.o(i.TSS_TaskSeq) refers to tss_main.o(i.TSS_FaultEvaluation) for TSS_FaultEvaluation
    tss_main.o(i.TSS_TaskSeq) refers to tss_keydetector.o(i.TSS_KeyDetectorRecalibrateModules) for TSS_KeyDetectorRecalibrateModules
    tss_main.o(i.TSS_TaskSeq) refers to tss_main.o(.data) for .data
    tss_main.o(i.TSS_TaskSeq) refers to tss_systemsetupdata.o(.constdata) for tss_fDataCorruptionCheck
    tss_main.o(i.TSS_TaskSeq) refers to tss_systemsetupdata.o(.bss) for tss_CSSys
    tss_main.o(i.TSS_TriggerConfig) refers to tss_sensor.o(.text) for TSS_SensorInit
    tss_main.o(i.TSS_TriggerConfig) refers to tss_systemsetupdata.o(.bss) for tss_CSSys
    tss_main.o(i.TSS_TriggerConfig) refers to tss_systemsetupdata.o(.constdata) for tss_fTriggerControl
    tss_main.o(i.TSS_TriggerControl) refers to tss_systemsetupdata.o(.bss) for tss_CSSys
    tss_main.o(i.TSS_TriggerControl) refers to tss_main.o(.data) for .data
    entry.o(.ARM.Collect$$$$00000000) refers (Special) to entry10a.o(.ARM.Collect$$$$0000000D) for __rt_final_cpp
    entry.o(.ARM.Collect$$$$00000000) refers (Special) to entry11a.o(.ARM.Collect$$$$0000000F) for __rt_final_exit
    entry.o(.ARM.Collect$$$$00000000) refers (Special) to entry7b.o(.ARM.Collect$$$$00000008) for _main_clock
    entry.o(.ARM.Collect$$$$00000000) refers (Special) to entry8b.o(.ARM.Collect$$$$0000000A) for _main_cpp_init
    entry.o(.ARM.Collect$$$$00000000) refers (Special) to entry9a.o(.ARM.Collect$$$$0000000B) for _main_init
    entry.o(.ARM.Collect$$$$00000000) refers (Special) to entry5.o(.ARM.Collect$$$$00000004) for _main_scatterload
    entry.o(.ARM.Collect$$$$00000000) refers (Special) to entry2.o(.ARM.Collect$$$$00000001) for _main_stk
    idiv.o(.text) refers to uidiv.o(.text) for __aeabi_uidivmod
    fmul.o(.text) refers (Special) to iusefp.o(.text) for __I$use$fp
    fdiv.o(.text) refers (Special) to iusefp.o(.text) for __I$use$fp
    fdiv.o(.text) refers to fepilogue.o(.text) for _float_round
    fflti.o(.text) refers (Special) to iusefp.o(.text) for __I$use$fp
    fflti.o(.text) refers to fepilogue.o(.text) for _float_epilogue
    ffixui.o(.text) refers (Special) to iusefp.o(.text) for __I$use$fp
    entry2.o(.ARM.Collect$$$$00000001) refers to entry2.o(.ARM.Collect$$$$00002712) for __lit__00000000
    entry2.o(.ARM.Collect$$$$00002712) refers to startup_mkl25z4.o(STACK) for __initial_sp
    entry2.o(__vectab_stack_and_reset_area) refers to startup_mkl25z4.o(STACK) for __initial_sp
    entry2.o(__vectab_stack_and_reset_area) refers to entry.o(.ARM.Collect$$$$00000000) for __main
    entry5.o(.ARM.Collect$$$$00000004) refers to init.o(.text) for __scatterload
    entry9a.o(.ARM.Collect$$$$0000000B) refers to main.o(.text) for main
    entry9b.o(.ARM.Collect$$$$0000000C) refers to main.o(.text) for main
    init.o(.text) refers to entry5.o(.ARM.Collect$$$$00000004) for __main_after_scatterload


==============================================================================

Removing Unused input sections from the image.

    Removing freemaster_appcmd.o(.text), (20 bytes).
    Removing freemaster_rec.o(.text), (6 bytes).
    Removing mcg_kl25.o(.data), (2 bytes).
    Removing startup_mkl25z4.o(HEAP), (0 bytes).
    Removing tss_asliderdecoder.o(i.TSS_ASliderDelayControl), (124 bytes).
    Removing tss_asliderdecoder.o(i.TSS_GetASliderConfig), (52 bytes).
    Removing tss_keypaddecoder.o(i.TSS_GetKeypadConfig), (48 bytes).
    Removing tss_keypaddecoder.o(i.TSS_KeypadDecoder), (540 bytes).
    Removing tss_matrixdecoder.o(i.TSS_CalculateRealPosition), (88 bytes).
    Removing tss_matrixdecoder.o(i.TSS_DynamicStatus), (112 bytes).
    Removing tss_matrixdecoder.o(i.TSS_FindTouchedElectrodesWithMaxDelta), (112 bytes).
    Removing tss_matrixdecoder.o(i.TSS_GetAbsoluteDistanceValue), (14 bytes).
    Removing tss_matrixdecoder.o(i.TSS_GetHighestElectrodeInArea), (68 bytes).
    Removing tss_matrixdecoder.o(i.TSS_GetHighestNearbyElectrode), (56 bytes).
    Removing tss_matrixdecoder.o(i.TSS_GetMatrixConfig), (48 bytes).
    Removing tss_matrixdecoder.o(i.TSS_MatrixCalculatePosIIRFilter), (36 bytes).
    Removing tss_matrixdecoder.o(i.TSS_MatrixDecoder), (840 bytes).
    Removing tss_sliderdecoder.o(i.TSS_GetSliderConfig), (52 bytes).
    Removing tss_sliderdecoder.o(i.TSS_SliderDecoder), (600 bytes).
    Removing tss_filters.o(i.TSS_KeyDetectorCalculateShielding), (20 bytes).
    Removing tss_filters.o(i.TSS_KeyDetectorSignalMultiplier), (48 bytes).
    Removing tss_filters.o(i.TSS_SensitivityLowLimitControl), (16 bytes).
    Removing tss_filters.o(i.TSS_ShieldEquation), (96 bytes).
    Removing tss_filters.o(i.TSS_ShiftSInt16ToUInt16), (12 bytes).
    Removing tss_filters.o(i.TSS_i8NoiseAmplitudeFilter), (54 bytes).
    Removing tss_filters.o(i.TSS_u16NoiseAmplitudeFilter), (58 bytes).
    Removing tss_keydetector.o(i.TSS_KeyDetectorMainSequenced), (428 bytes).
    Removing tss_main.o(i.TSS_GetCheckSum), (28 bytes).
    Removing tss_main.o(i.TSS_GetControlElectrodeIndex), (40 bytes).
    Removing tss_main.o(i.TSS_GetControlElectrodesStatus), (40 bytes).
    Removing tss_main.o(i.TSS_GetControlFirstElectrodeIndex), (32 bytes).
    Removing tss_main.o(i.TSS_GetControlLastElectrodeIndex), (40 bytes).
    Removing tss_main.o(i.TSS_GetControlNumberOfElectrodes), (32 bytes).
    Removing tss_main.o(i.TSS_GetControlPrivateData), (24 bytes).
    Removing tss_main.o(i.TSS_GetControlStruct), (28 bytes).
    Removing tss_main.o(i.TSS_InternalControlPrivateData), (40 bytes).
    Removing tss_main.o(i.TSS_LoadAllSystemData), (136 bytes).
    Removing tss_main.o(i.TSS_LoadElectrodeData), (148 bytes).
    Removing tss_main.o(i.TSS_LoadModulesData), (104 bytes).
    Removing tss_main.o(i.TSS_LoadModulesDataCallback), (96 bytes).
    Removing tss_main.o(i.TSS_ProximityConfig), (96 bytes).
    Removing tss_main.o(i.TSS_SetControlPrivateData), (20 bytes).
    Removing tss_main.o(i.TSS_StoreAllSystemData), (136 bytes).
    Removing tss_main.o(i.TSS_StoreElectrodeData), (120 bytes).
    Removing tss_main.o(i.TSS_StoreModulesData), (68 bytes).
    Removing tss_main.o(i.TSS_StoreModulesDataCallback), (68 bytes).
    Removing tss_main.o(i.TSS_TaskSeq), (208 bytes).

47 unused section(s) (total 5054 bytes) removed from the image.

==============================================================================

Image Symbol Table

    Local Symbols

    Symbol Name                              Value     Ov Type        Size  Object(Section)

    RESET                                    0x00000000   Section      192  startup_mkl25z4.o(RESET)
    ../clib/../cmprslib/zerorunl2.c          0x00000000   Number         0  __dczerorl2.o ABSOLUTE
    ../clib/microlib/division.c              0x00000000   Number         0  uidiv.o ABSOLUTE
    ../clib/microlib/division.c              0x00000000   Number         0  idiv.o ABSOLUTE
    ../clib/microlib/init/entry.s            0x00000000   Number         0  entry8b.o ABSOLUTE
    ../clib/microlib/init/entry.s            0x00000000   Number         0  entry8a.o ABSOLUTE
    ../clib/microlib/init/entry.s            0x00000000   Number         0  entry7b.o ABSOLUTE
    ../clib/microlib/init/entry.s            0x00000000   Number         0  entry7a.o ABSOLUTE
    ../clib/microlib/init/entry.s            0x00000000   Number         0  entry5.o ABSOLUTE
    ../clib/microlib/init/entry.s            0x00000000   Number         0  entry.o ABSOLUTE
    ../clib/microlib/init/entry.s            0x00000000   Number         0  entry2.o ABSOLUTE
    ../clib/microlib/init/entry.s            0x00000000   Number         0  entry9a.o ABSOLUTE
    ../clib/microlib/init/entry.s            0x00000000   Number         0  entry9b.o ABSOLUTE
    ../clib/microlib/init/entry.s            0x00000000   Number         0  entry10a.o ABSOLUTE
    ../clib/microlib/init/entry.s            0x00000000   Number         0  entry10b.o ABSOLUTE
    ../clib/microlib/init/entry.s            0x00000000   Number         0  entry11a.o ABSOLUTE
    ../clib/microlib/init/entry.s            0x00000000   Number         0  entry11b.o ABSOLUTE
    ../clib/microlib/string/memcpy.c         0x00000000   Number         0  memcpya.o ABSOLUTE
    ../clib/microlib/string/memcpy.c         0x00000000   Number         0  memcpyb.o ABSOLUTE
    ../clib/microlib/stubs.s                 0x00000000   Number         0  iusefp.o ABSOLUTE
    ../fplib/microlib/fpdiv.c                0x00000000   Number         0  fdiv.o ABSOLUTE
    ../fplib/microlib/fpepilogue.c           0x00000000   Number         0  fepilogue.o ABSOLUTE
    ../fplib/microlib/fpfix.c                0x00000000   Number         0  ffixui.o ABSOLUTE
    ../fplib/microlib/fpflt.c                0x00000000   Number         0  fflti.o ABSOLUTE
    ../fplib/microlib/fpmul.c                0x00000000   Number         0  fmul.o ABSOLUTE
    ..\..\..\COMMON\TSS_Filters.c            0x00000000   Number         0  tss_filters.o ABSOLUTE
    ..\..\..\COMMON\TSS_KeyDetector.c        0x00000000   Number         0  tss_keydetector.o ABSOLUTE
    ..\..\..\COMMON\TSS_KeyDetectorNormal.c  0x00000000   Number         0  tss_keydetectornormal.o ABSOLUTE
    ..\..\..\COMMON\TSS_Main.c               0x00000000   Number         0  tss_main.o ABSOLUTE
    ..\..\..\DECODERS\TSS_ASliderDecoder.c   0x00000000   Number         0  tss_asliderdecoder.o ABSOLUTE
    ..\..\..\DECODERS\TSS_KeypadDecoder.c    0x00000000   Number         0  tss_keypaddecoder.o ABSOLUTE
    ..\..\..\DECODERS\TSS_MatrixDecoder.c    0x00000000   Number         0  tss_matrixdecoder.o ABSOLUTE
    ..\..\..\DECODERS\TSS_SliderDecoder.c    0x00000000   Number         0  tss_sliderdecoder.o ABSOLUTE
    dc.s                                     0x00000000   Number         0  dc.o ABSOLUTE
    handlers.s                               0x00000000   Number         0  handlers.o ABSOLUTE
    include\gui\source\src_common\freemaster_appcmd.c 0x00000000   Number         0  freemaster_appcmd.o ABSOLUTE
    include\gui\source\src_common\freemaster_bdm.c 0x00000000   Number         0  freemaster_bdm.o ABSOLUTE
    include\gui\source\src_common\freemaster_can.c 0x00000000   Number         0  freemaster_can.o ABSOLUTE
    include\gui\source\src_common\freemaster_protocol.c 0x00000000   Number         0  freemaster_protocol.o ABSOLUTE
    include\gui\source\src_common\freemaster_rec.c 0x00000000   Number         0  freemaster_rec.o ABSOLUTE
    include\gui\source\src_common\freemaster_scope.c 0x00000000   Number         0  freemaster_scope.o ABSOLUTE
    include\gui\source\src_common\freemaster_serial.c 0x00000000   Number         0  freemaster_serial.o ABSOLUTE
    include\gui\source\src_common\freemaster_tsa.c 0x00000000   Number         0  freemaster_tsa.o ABSOLUTE
    include\gui\source\src_platforms\Kxx\freemaster_Kxx.c 0x00000000   Number         0  freemaster_kxx.o ABSOLUTE
    include\lib\shared\TSS_Freemaster.c      0x00000000   Number         0  tss_freemaster.o ABSOLUTE
    include\lib\shared\TSS_Sensor.c          0x00000000   Number         0  tss_sensor.o ABSOLUTE
    include\lib\shared\TSS_SensorGPIO.c      0x00000000   Number         0  tss_sensorgpio.o ABSOLUTE
    include\lib\shared\TSS_SensorTSI.c       0x00000000   Number         0  tss_sensortsi.o ABSOLUTE
    include\lib\shared\TSS_SensorTSIL.c      0x00000000   Number         0  tss_sensortsil.o ABSOLUTE
    include\lib\shared\TSS_SystemSetupData.c 0x00000000   Number         0  tss_systemsetupdata.o ABSOLUTE
    init.s                                   0x00000000   Number         0  init.o ABSOLUTE
    src\app_init.c                           0x00000000   Number         0  app_init.o ABSOLUTE
    src\events.c                             0x00000000   Number         0  events.o ABSOLUTE
    src\frdmkl25z48m\board.c                 0x00000000   Number         0  board.o ABSOLUTE
    src\main.c                               0x00000000   Number         0  main.o ABSOLUTE
    src\mcu_init\cpu\arm_cm0.c               0x00000000   Number         0  arm_cm0.o ABSOLUTE
    src\mcu_init\cpu\sysinit_kl25.c          0x00000000   Number         0  sysinit_kl25.o ABSOLUTE
    src\mcu_init\drivers\mcg\mcg_kl25.c      0x00000000   Number         0  mcg_kl25.o ABSOLUTE
    src\mcu_init\drivers\uart\uart_kl25.c    0x00000000   Number         0  uart_kl25.o ABSOLUTE
    src\mcu_init\drivers\wdog\wdog_kl25.c    0x00000000   Number         0  wdog_kl25.o ABSOLUTE
    startup_MKL25Z4.s                        0x00000000   Number         0  startup_mkl25z4.o ABSOLUTE
    system_MKL25Z4.c                         0x00000000   Number         0  system_mkl25z4.o ABSOLUTE
    .ARM.Collect$$$$00000000                 0x000000c0   Section        0  entry.o(.ARM.Collect$$$$00000000)
    .ARM.Collect$$$$00000001                 0x000000c0   Section        4  entry2.o(.ARM.Collect$$$$00000001)
    .ARM.Collect$$$$00000004                 0x000000c4   Section        4  entry5.o(.ARM.Collect$$$$00000004)
    .ARM.Collect$$$$00000008                 0x000000c8   Section        0  entry7b.o(.ARM.Collect$$$$00000008)
    .ARM.Collect$$$$0000000A                 0x000000c8   Section        0  entry8b.o(.ARM.Collect$$$$0000000A)
    .ARM.Collect$$$$0000000B                 0x000000c8   Section        8  entry9a.o(.ARM.Collect$$$$0000000B)
    .ARM.Collect$$$$0000000D                 0x000000d0   Section        0  entry10a.o(.ARM.Collect$$$$0000000D)
    .ARM.Collect$$$$0000000F                 0x000000d0   Section        0  entry11a.o(.ARM.Collect$$$$0000000F)
    .ARM.Collect$$$$00002712                 0x000000d0   Section        4  entry2.o(.ARM.Collect$$$$00002712)
    __lit__00000000                          0x000000d0   Data           4  entry2.o(.ARM.Collect$$$$00002712)
    .text                                    0x000000d4   Section        0  app_init.o(.text)
    .text                                    0x000001ec   Section        0  events.o(.text)
    .text                                    0x0000025c   Section        0  freemaster_scope.o(.text)
    .text                                    0x00000314   Section        0  arm_cm0.o(.text)
    .text                                    0x0000039c   Section        0  wdog_kl25.o(.text)
    .text                                    0x000003a8   Section        0  tss_sensor.o(.text)
    .text                                    0x000003e0   Section        0  tss_systemsetupdata.o(.text)
    .text                                    0x000003ee   Section        0  system_mkl25z4.o(.text)
    .text                                    0x000003fa   Section        0  iusefp.o(.text)
    i.__scatterload_null                     0x000003fa   Section        2  handlers.o(i.__scatterload_null)
    .ARM.__at_0x400                          0x00000400   Section       16  startup_mkl25z4.o(.ARM.__at_0x400)
    .text                                    0x00000410   Section        0  freemaster_protocol.o(.text)
    .text                                    0x00000604   Section        0  freemaster_serial.o(.text)
    FMSTR_RxQueue                            0x00000605   Thumb Code    38  freemaster_serial.o(.text)
    FMSTR_SendError                          0x000006bd   Thumb Code    16  freemaster_serial.o(.text)
    FMSTR_RxDequeue                          0x000007ed   Thumb Code    70  freemaster_serial.o(.text)
    FMSTR_Listen                             0x00000833   Thumb Code    84  freemaster_serial.o(.text)
    .text                                    0x000009a0   Section        0  freemaster_kxx.o(.text)
    .text                                    0x00000ae4   Section        0  sysinit_kl25.o(.text)
    .text                                    0x00000ba8   Section        0  mcg_kl25.o(.text)
    .text                                    0x00002950   Section        0  uart_kl25.o(.text)
    .text                                    0x00002a84   Section        0  tss_freemaster.o(.text)
    .text                                    0x00002c4c   Section        0  tss_sensortsil.o(.text)
    .text                                    0x00003774   Section        0  main.o(.text)
    .text                                    0x00003d7c   Section       28  startup_mkl25z4.o(.text)
    .text                                    0x00003d98   Section        0  board.o(.text)
    .text                                    0x00004024   Section        0  uidiv.o(.text)
    .text                                    0x00004050   Section        0  idiv.o(.text)
    .text                                    0x00004078   Section        0  memcpya.o(.text)
    .text                                    0x0000409c   Section        0  fmul.o(.text)
    .text                                    0x00004116   Section        0  fdiv.o(.text)
    .text                                    0x00004192   Section        0  fflti.o(.text)
    .text                                    0x000041a8   Section        0  ffixui.o(.text)
    .text                                    0x000041d0   Section        0  fepilogue.o(.text)
    .text                                    0x00004254   Section       36  init.o(.text)
    .text                                    0x00004278   Section        0  __dczerorl2.o(.text)
    i.TSS_ASliderCalculatePosIIRFilter       0x000042d0   Section        0  tss_asliderdecoder.o(i.TSS_ASliderCalculatePosIIRFilter)
    i.TSS_ASliderDecoder                     0x0000433c   Section        0  tss_asliderdecoder.o(i.TSS_ASliderDecoder)
    i.TSS_ASliderTrendControl                0x00004794   Section        0  tss_asliderdecoder.o(i.TSS_ASliderTrendControl)
    i.TSS_ASliderTrendThreshold              0x00004880   Section        0  tss_asliderdecoder.o(i.TSS_ASliderTrendThreshold)
    i.TSS_BrowseModules                      0x000048a8   Section        0  tss_main.o(i.TSS_BrowseModules)
    i.TSS_CutSInt16ToSInt8                   0x0000493c   Section        0  tss_filters.o(i.TSS_CutSInt16ToSInt8)
    i.TSS_DataCorruptionCheck                0x00004954   Section        0  tss_main.o(i.TSS_DataCorruptionCheck)
    i.TSS_DecodersControl                    0x00004a10   Section        0  tss_main.o(i.TSS_DecodersControl)
    i.TSS_FaultEvaluation                    0x00004a88   Section        0  tss_main.o(i.TSS_FaultEvaluation)
    i.TSS_GetSystemConfig                    0x00004b04   Section        0  tss_main.o(i.TSS_GetSystemConfig)
    i.TSS_Init                               0x00004c14   Section        0  tss_main.o(i.TSS_Init)
    i.TSS_InitInternalArrays                 0x00004c80   Section        0  tss_main.o(i.TSS_InitInternalArrays)
    i.TSS_InitRegisterArrays                 0x00004cd4   Section        0  tss_main.o(i.TSS_InitRegisterArrays)
    i.TSS_KeyBasicDeltaNoiseAnalysisIIRControl 0x00004d2c   Section        0  tss_keydetectornormal.o(i.TSS_KeyBasicDeltaNoiseAnalysisIIRControl)
    i.TSS_KeyBasicDetect                     0x00004da0   Section        0  tss_keydetectornormal.o(i.TSS_KeyBasicDetect)
    i.TSS_KeyBasicElectrodeEval              0x00004f38   Section        0  tss_keydetectornormal.o(i.TSS_KeyBasicElectrodeEval)
    i.TSS_KeyBasicEvaluateNoiseData          0x000051c8   Section        0  tss_keydetectornormal.o(i.TSS_KeyBasicEvaluateNoiseData)
    TSS_KeyBasicEvaluateNoiseData            0x000051c9   Thumb Code    96  tss_keydetectornormal.o(i.TSS_KeyBasicEvaluateNoiseData)
    i.TSS_KeyBasicGetSystemDataContext       0x0000523c   Section        0  tss_keydetectornormal.o(i.TSS_KeyBasicGetSystemDataContext)
    i.TSS_KeyBasicNegativeBaselineDrop       0x00005270   Section        0  tss_keydetectornormal.o(i.TSS_KeyBasicNegativeBaselineDrop)
    i.TSS_KeyBasicSensAutoCalibration        0x00005300   Section        0  tss_keydetectornormal.o(i.TSS_KeyBasicSensAutoCalibration)
    i.TSS_KeyBasicStuckKeyControl            0x00005540   Section        0  tss_keydetectornormal.o(i.TSS_KeyBasicStuckKeyControl)
    i.TSS_KeyDetectorCalculateDelta          0x0000558c   Section        0  tss_keydetector.o(i.TSS_KeyDetectorCalculateDelta)
    i.TSS_KeyDetectorCalculateIIRFilter      0x000055ac   Section        0  tss_filters.o(i.TSS_KeyDetectorCalculateIIRFilter)
    i.TSS_KeyDetectorCalibrate               0x000055c8   Section        0  tss_keydetector.o(i.TSS_KeyDetectorCalibrate)
    i.TSS_KeyDetectorDCTrackerEvalExecution  0x000055e8   Section        0  tss_keydetector.o(i.TSS_KeyDetectorDCTrackerEvalExecution)
    TSS_KeyDetectorDCTrackerEvalExecution    0x000055e9   Thumb Code    50  tss_keydetector.o(i.TSS_KeyDetectorDCTrackerEvalExecution)
    i.TSS_KeyDetectorElectrodeStatusUpdate   0x00005624   Section        0  tss_keydetector.o(i.TSS_KeyDetectorElectrodeStatusUpdate)
    i.TSS_KeyDetectorFaultDecoder            0x00005654   Section        0  tss_keydetector.o(i.TSS_KeyDetectorFaultDecoder)
    TSS_KeyDetectorFaultDecoder              0x00005655   Thumb Code    38  tss_keydetector.o(i.TSS_KeyDetectorFaultDecoder)
    i.TSS_KeyDetectorFillDeltaLogBuffer      0x0000567c   Section        0  tss_keydetector.o(i.TSS_KeyDetectorFillDeltaLogBuffer)
    i.TSS_KeyDetectorFillSignalLogBuffer     0x0000568c   Section        0  tss_keydetector.o(i.TSS_KeyDetectorFillSignalLogBuffer)
    i.TSS_KeyDetectorGetDCTrackerCounter     0x000056a0   Section        0  tss_keydetector.o(i.TSS_KeyDetectorGetDCTrackerCounter)
    i.TSS_KeyDetectorGetElectrodeEnablerStatus 0x000056ac   Section        0  tss_keydetector.o(i.TSS_KeyDetectorGetElectrodeEnablerStatus)
    i.TSS_KeyDetectorGetElectrodeGroupStatus 0x000056ec   Section        0  tss_keydetector.o(i.TSS_KeyDetectorGetElectrodeGroupStatus)
    i.TSS_KeyDetectorGetShieldElectrodeReleaseStatus 0x0000572c   Section        0  tss_keydetector.o(i.TSS_KeyDetectorGetShieldElectrodeReleaseStatus)
    i.TSS_KeyDetectorGetSlowDCTrackerCounter 0x0000576c   Section        0  tss_keydetector.o(i.TSS_KeyDetectorGetSlowDCTrackerCounter)
    i.TSS_KeyDetectorInit                    0x00005778   Section        0  tss_keydetector.o(i.TSS_KeyDetectorInit)
    i.TSS_KeyDetectorInitPrevCapSample       0x000057b8   Section        0  tss_filters.o(i.TSS_KeyDetectorInitPrevCapSample)
    i.TSS_KeyDetectorMain                    0x000057cc   Section        0  tss_keydetector.o(i.TSS_KeyDetectorMain)
    i.TSS_KeyDetectorRecalibrateElectrode    0x00005964   Section        0  tss_keydetector.o(i.TSS_KeyDetectorRecalibrateElectrode)
    TSS_KeyDetectorRecalibrateElectrode      0x00005965   Thumb Code   124  tss_keydetector.o(i.TSS_KeyDetectorRecalibrateElectrode)
    i.TSS_KeyDetectorRecalibrateModules      0x000059ec   Section        0  tss_keydetector.o(i.TSS_KeyDetectorRecalibrateModules)
    i.TSS_KeyDetectorRecalibrationRequest    0x00005a00   Section        0  tss_keydetector.o(i.TSS_KeyDetectorRecalibrationRequest)
    i.TSS_KeyDetectorReleaseElectrode        0x00005a10   Section        0  tss_keydetector.o(i.TSS_KeyDetectorReleaseElectrode)
    i.TSS_KeyDetectorResetElectrode          0x00005a34   Section        0  tss_keydetector.o(i.TSS_KeyDetectorResetElectrode)
    i.TSS_KeyDetectorResetElectrodeDebouncing 0x00005a48   Section        0  tss_keydetector.o(i.TSS_KeyDetectorResetElectrodeDebouncing)
    i.TSS_KeyDetectorResetElectrodeMeasured  0x00005a64   Section        0  tss_keydetector.o(i.TSS_KeyDetectorResetElectrodeMeasured)
    i.TSS_KeyDetectorResetStuckKeyCounter    0x00005a88   Section        0  tss_keydetector.o(i.TSS_KeyDetectorResetStuckKeyCounter)
    i.TSS_KeyDetectorRestartElectrode        0x00005a94   Section        0  tss_keydetector.o(i.TSS_KeyDetectorRestartElectrode)
    i.TSS_KeyDetectorSignalDivider           0x00005ad8   Section        0  tss_filters.o(i.TSS_KeyDetectorSignalDivider)
    i.TSS_LowPowerConfig                     0x00005af4   Section        0  tss_main.o(i.TSS_LowPowerConfig)
    i.TSS_SetASliderConfig                   0x00005b94   Section        0  tss_asliderdecoder.o(i.TSS_SetASliderConfig)
    i.TSS_SetControlElectrodesEnablers       0x00005c90   Section        0  tss_main.o(i.TSS_SetControlElectrodesEnablers)
    i.TSS_SetKeypadConfig                    0x00005d30   Section        0  tss_keypaddecoder.o(i.TSS_SetKeypadConfig)
    i.TSS_SetMatrixConfig                    0x00005e10   Section        0  tss_matrixdecoder.o(i.TSS_SetMatrixConfig)
    i.TSS_SetSliderConfig                    0x00005f28   Section        0  tss_sliderdecoder.o(i.TSS_SetSliderConfig)
    i.TSS_SetSystemConfig                    0x00005ff8   Section        0  tss_main.o(i.TSS_SetSystemConfig)
    i.TSS_SubUInt16WithUInt16ToSInt16        0x00006320   Section        0  tss_filters.o(i.TSS_SubUInt16WithUInt16ToSInt16)
    i.TSS_Task                               0x0000634c   Section        0  tss_main.o(i.TSS_Task)
    i.TSS_TriggerConfig                      0x0000641c   Section        0  tss_main.o(i.TSS_TriggerConfig)
    i.TSS_TriggerControl                     0x00006488   Section        0  tss_main.o(i.TSS_TriggerControl)
    i.__ARM_common_switch8                   0x000064cc   Section        0  tss_asliderdecoder.o(i.__ARM_common_switch8)
    i.__scatterload_copy                     0x000064e6   Section       14  handlers.o(i.__scatterload_copy)
    i.__scatterload_zeroinit                 0x000064f4   Section       14  handlers.o(i.__scatterload_zeroinit)
    .constdata                               0x00006504   Section       24  tss_sensor.o(.constdata)
    .constdata                               0x0000651c   Section       44  tss_sensortsil.o(.constdata)
    .constdata                               0x00006548   Section      244  tss_systemsetupdata.o(.constdata)
    .constdata                               0x0000663c   Section      408  main.o(.constdata)
    .data                                    0x1ffff000   Section        9  freemaster_scope.o(.data)
    pcm_nScopeVarCount                       0x1ffff000   Data           1  freemaster_scope.o(.data)
    pcm_pScopeVarSize                        0x1ffff001   Data           8  freemaster_scope.o(.data)
    .data                                    0x1ffff00c   Section       28  freemaster_serial.o(.data)
    pcm_wFlags                               0x1ffff00c   Data           4  freemaster_serial.o(.data)
    pcm_nTxTodo                              0x1ffff010   Data           1  freemaster_serial.o(.data)
    pcm_nRxTodo                              0x1ffff011   Data           1  freemaster_serial.o(.data)
    pcm_pTxBuff                              0x1ffff014   Data           4  freemaster_serial.o(.data)
    pcm_pRxBuff                              0x1ffff018   Data           4  freemaster_serial.o(.data)
    pcm_nRxCheckSum                          0x1ffff01c   Data           1  freemaster_serial.o(.data)
    pcm_pRQueueRP                            0x1ffff020   Data           4  freemaster_serial.o(.data)
    pcm_pRQueueWP                            0x1ffff024   Data           4  freemaster_serial.o(.data)
    .data                                    0x1ffff028   Section        1  freemaster_kxx.o(.data)
    pcm_bNextAddrIsEx                        0x1ffff028   Data           1  freemaster_kxx.o(.data)
    .data                                    0x1ffff02c   Section        4  sysinit_kl25.o(.data)
    .data                                    0x1ffff030   Section       10  tss_freemaster.o(.data)
    .data                                    0x1ffff03c   Section       24  tss_sensor.o(.data)
    .data                                    0x1ffff054   Section        2  tss_sensortsil.o(.data)
    .data                                    0x1ffff058   Section       74  tss_systemsetupdata.o(.data)
    .data                                    0x1ffff0a4   Section     1544  main.o(.data)
    .data                                    0x1ffff6ac   Section        8  tss_keydetector.o(.data)
    g_u8ElectrodeCommand                     0x1ffff6ac   Data           1  tss_keydetector.o(.data)
    u8TriggerProcessElectrode                0x1ffff6ad   Data           1  tss_keydetector.o(.data)
    u8MeasurementStatus                      0x1ffff6ae   Data           1  tss_keydetector.o(.data)
    g_u8DCTrackCounter                       0x1ffff6af   Data           1  tss_keydetector.o(.data)
    g_u8SlowDCTrackCounter                   0x1ffff6b0   Data           1  tss_keydetector.o(.data)
    g_u8KeyDetectorElecIndex                 0x1ffff6b1   Data           1  tss_keydetector.o(.data)
    .data                                    0x1ffff6b4   Section        8  tss_main.o(.data)
    u8TriggerCounter                         0x1ffff6b4   Data           1  tss_main.o(.data)
    g_u8APIFunctionRunFlag                   0x1ffff6b5   Data           1  tss_main.o(.data)
    g_u16Size                                0x1ffff6b6   Data           2  tss_main.o(.data)
    g_pu8DataAddr                            0x1ffff6b8   Data           4  tss_main.o(.data)
    .bss                                     0x1ffff6bc   Section       32  freemaster_scope.o(.bss)
    pcm_pScopeVarAddr                        0x1ffff6bc   Data          32  freemaster_scope.o(.bss)
    .bss                                     0x1ffff6dc   Section       76  freemaster_serial.o(.bss)
    pcm_pCommBuffer                          0x1ffff6dc   Data          44  freemaster_serial.o(.bss)
    pcm_pRQueueBuffer                        0x1ffff708   Data          32  freemaster_serial.o(.bss)
    .bss                                     0x1ffff728   Section       42  tss_sensortsil.o(.bss)
    .bss                                     0x1ffff752   Section       56  tss_systemsetupdata.o(.bss)
    .bss                                     0x1ffff78a   Section      512  main.o(.bss)
    STACK                                    0x1ffff990   Section     1024  startup_mkl25z4.o(STACK)

    Global Symbols

    Symbol Name                              Value     Ov Type        Size  Object(Section)

    BuildAttributes$$THM_ISAv3M$S$PE$A:L22$X:L11$S22$IEEE1$IW$USESV6$~STKCKD$USESV7$~SHL$OTIME$ROPI$EBA8$MICROLIB$REQ8$PRES8$EABIv2 0x00000000   Number         0  anon$$obj.o ABSOLUTE
    __ARM_use_no_argv                        0x00000000   Number         0  main.o ABSOLUTE
    __Vectors                                0x00000000   Data           4  startup_mkl25z4.o(RESET)
    __cpp_initialize__aeabi_                  - Undefined Weak Reference
    __cxa_finalize                            - Undefined Weak Reference
    _clock_init                               - Undefined Weak Reference
    _microlib_exit                            - Undefined Weak Reference
    __Vectors_End                            0x000000c0   Data           0  startup_mkl25z4.o(RESET)
    __Vectors_Size                           0x000000c0   Number         0  startup_mkl25z4.o ABSOLUTE
    __main                                   0x000000c1   Thumb Code     0  entry.o(.ARM.Collect$$$$00000000)
    _main_stk                                0x000000c1   Thumb Code     0  entry2.o(.ARM.Collect$$$$00000001)
    _main_scatterload                        0x000000c5   Thumb Code     0  entry5.o(.ARM.Collect$$$$00000004)
    __main_after_scatterload                 0x000000c9   Thumb Code     0  entry5.o(.ARM.Collect$$$$00000004)
    _main_clock                              0x000000c9   Thumb Code     0  entry7b.o(.ARM.Collect$$$$00000008)
    _main_cpp_init                           0x000000c9   Thumb Code     0  entry8b.o(.ARM.Collect$$$$0000000A)
    _main_init                               0x000000c9   Thumb Code     0  entry9a.o(.ARM.Collect$$$$0000000B)
    __rt_final_cpp                           0x000000d1   Thumb Code     0  entry10a.o(.ARM.Collect$$$$0000000D)
    __rt_final_exit                          0x000000d1   Thumb Code     0  entry11a.o(.ARM.Collect$$$$0000000F)
    InitPorts                                0x000000d5   Thumb Code     8  app_init.o(.text)
    DelayMS                                  0x000000dd   Thumb Code   144  app_init.o(.text)
    TSS_Init_ASlider                         0x0000016d   Thumb Code   112  app_init.o(.text)
    TSS1_fCallBack1                          0x000001ed   Thumb Code     2  events.o(.text)
    TSS_fOnFault                             0x000001ef   Thumb Code    76  events.o(.text)
    TSS_fOnInit                              0x0000023b   Thumb Code     8  events.o(.text)
    TSS_FmstrIsrCallbackCustom               0x00000243   Thumb Code    14  events.o(.text)
    FMSTR_InitScope                          0x0000025d   Thumb Code     2  freemaster_scope.o(.text)
    FMSTR_SetUpScope                         0x0000025f   Thumb Code   106  freemaster_scope.o(.text)
    FMSTR_ReadScope                          0x000002c9   Thumb Code    64  freemaster_scope.o(.text)
    stop                                     0x00000315   Thumb Code    16  arm_cm0.o(.text)
    wait                                     0x00000325   Thumb Code    16  arm_cm0.o(.text)
    write_vtor                               0x00000335   Thumb Code     6  arm_cm0.o(.text)
    enable_irq                               0x0000033b   Thumb Code    56  arm_cm0.o(.text)
    disable_irq                              0x00000373   Thumb Code    26  arm_cm0.o(.text)
    set_irq_priority                         0x0000038d   Thumb Code     2  arm_cm0.o(.text)
    wdog_disable                             0x0000039d   Thumb Code     8  wdog_kl25.o(.text)
    TSS_SampleElectrodeLowE0                 0x000003a9   Thumb Code     4  tss_sensor.o(.text)
    TSS_SampleElectrodeLowE1                 0x000003ad   Thumb Code     4  tss_sensor.o(.text)
    TSS_SensorInitCallback                   0x000003b1   Thumb Code    24  tss_sensor.o(.text)
    TSS_SensorInit                           0x000003c9   Thumb Code    16  tss_sensor.o(.text)
    TSS_IIRFilterEquation                    0x000003e1   Thumb Code    14  tss_systemsetupdata.o(.text)
    SystemInit                               0x000003ef   Thumb Code    12  system_mkl25z4.o(.text)
    __I$use$fp                               0x000003fb   Thumb Code     0  iusefp.o(.text)
    __scatterload_null                       0x000003fb   Thumb Code     2  handlers.o(i.__scatterload_null)
    FMSTR_Init                               0x00000411   Thumb Code    20  freemaster_protocol.o(.text)
    FMSTR_GetBoardInfo                       0x00000425   Thumb Code    48  freemaster_protocol.o(.text)
    FMSTR_WriteMemMask                       0x00000455   Thumb Code    40  freemaster_protocol.o(.text)
    FMSTR_WriteMem                           0x0000047d   Thumb Code    40  freemaster_protocol.o(.text)
    FMSTR_ReadMem                            0x000004a5   Thumb Code    52  freemaster_protocol.o(.text)
    FMSTR_ProtocolDecoder                    0x000004d9   Thumb Code   160  freemaster_protocol.o(.text)
    FMSTR_ReadVar                            0x00000579   Thumb Code    38  freemaster_protocol.o(.text)
    FMSTR_WriteVar                           0x0000059f   Thumb Code    38  freemaster_protocol.o(.text)
    FMSTR_WriteVarMask                       0x000005c5   Thumb Code    38  freemaster_protocol.o(.text)
    FMSTR_StrLen                             0x000005eb   Thumb Code    24  freemaster_protocol.o(.text)
    FMSTR_SendResponse                       0x0000062b   Thumb Code   146  freemaster_serial.o(.text)
    FMSTR_Rx                                 0x000006cd   Thumb Code   288  freemaster_serial.o(.text)
    FMSTR_Tx                                 0x00000887   Thumb Code   106  freemaster_serial.o(.text)
    FMSTR_ProcessSCI                         0x000008f1   Thumb Code    86  freemaster_serial.o(.text)
    FMSTR_InitSerial                         0x00000947   Thumb Code    32  freemaster_serial.o(.text)
    FMSTR_Poll                               0x00000967   Thumb Code     8  freemaster_serial.o(.text)
    FMSTR_Isr                                0x000009a1   Thumb Code    12  freemaster_kxx.o(.text)
    FMSTR_CopyMemory                         0x000009ad   Thumb Code    28  freemaster_kxx.o(.text)
    FMSTR_CopyToBuffer                       0x000009c9   Thumb Code    30  freemaster_kxx.o(.text)
    FMSTR_CopyFromBuffer                     0x000009e7   Thumb Code    30  freemaster_kxx.o(.text)
    FMSTR_ValueFromBuffer16                  0x00000a05   Thumb Code    18  freemaster_kxx.o(.text)
    FMSTR_ValueFromBuffer32                  0x00000a17   Thumb Code    18  freemaster_kxx.o(.text)
    FMSTR_ValueToBuffer16                    0x00000a29   Thumb Code    16  freemaster_kxx.o(.text)
    FMSTR_ValueToBuffer32                    0x00000a39   Thumb Code    16  freemaster_kxx.o(.text)
    FMSTR_CopyFromBufferWithMask             0x00000a49   Thumb Code    60  freemaster_kxx.o(.text)
    FMSTR_SetExAddr                          0x00000a85   Thumb Code     6  freemaster_kxx.o(.text)
    FMSTR_AddressToBuffer                    0x00000a8b   Thumb Code    42  freemaster_kxx.o(.text)
    FMSTR_AddressFromBuffer                  0x00000ab5   Thumb Code    44  freemaster_kxx.o(.text)
    clk_out_init                             0x00000ae5   Thumb Code    22  sysinit_kl25.o(.text)
    sysinit                                  0x00000afb   Thumb Code   140  sysinit_kl25.o(.text)
    pll_init                                 0x00000ba9   Thumb Code   738  mcg_kl25.o(.text)
    pee_pbe                                  0x00000e8b   Thumb Code   112  mcg_kl25.o(.text)
    pbe_pee                                  0x00000efb   Thumb Code   262  mcg_kl25.o(.text)
    pbe_fbe                                  0x00001001   Thumb Code   120  mcg_kl25.o(.text)
    fbe_pbe                                  0x00001079   Thumb Code   296  mcg_kl25.o(.text)
    pbe_blpe                                 0x000011a1   Thumb Code    72  mcg_kl25.o(.text)
    blpe_pbe                                 0x000011e9   Thumb Code   258  mcg_kl25.o(.text)
    blpe_fbe                                 0x000012eb   Thumb Code   120  mcg_kl25.o(.text)
    fbe_blpe                                 0x00001363   Thumb Code    94  mcg_kl25.o(.text)
    fll_freq                                 0x000013c1   Thumb Code   334  mcg_kl25.o(.text)
    fbe_fei                                  0x0000150f   Thumb Code   226  mcg_kl25.o(.text)
    fei_fbe                                  0x000015f1   Thumb Code   414  mcg_kl25.o(.text)
    fbe_fee                                  0x0000178f   Thumb Code   300  mcg_kl25.o(.text)
    fee_fbe                                  0x000018bb   Thumb Code   112  mcg_kl25.o(.text)
    fbe_fbi                                  0x0000192b   Thumb Code   394  mcg_kl25.o(.text)
    fbi_fbe                                  0x00001ab5   Thumb Code   488  mcg_kl25.o(.text)
    fbi_blpi                                 0x00001c9d   Thumb Code   106  mcg_kl25.o(.text)
    blpi_fbi                                 0x00001d07   Thumb Code   106  mcg_kl25.o(.text)
    fbi_fee                                  0x00001d71   Thumb Code   504  mcg_kl25.o(.text)
    fee_fbi                                  0x00001f69   Thumb Code   434  mcg_kl25.o(.text)
    fbi_fei                                  0x0000211b   Thumb Code   216  mcg_kl25.o(.text)
    fei_fbi                                  0x000021f3   Thumb Code   322  mcg_kl25.o(.text)
    fei_fee                                  0x00002335   Thumb Code   500  mcg_kl25.o(.text)
    fee_fei                                  0x00002529   Thumb Code   154  mcg_kl25.o(.text)
    what_mcg_mode                            0x000025c3   Thumb Code   388  mcg_kl25.o(.text)
    atc                                      0x00002747   Thumb Code   482  mcg_kl25.o(.text)
    clk_monitor_0                            0x00002929   Thumb Code    32  mcg_kl25.o(.text)
    uart_init                                0x00002951   Thumb Code   118  uart_kl25.o(.text)
    uart_getchar                             0x000029c7   Thumb Code    18  uart_kl25.o(.text)
    uart_putchar                             0x000029d9   Thumb Code    16  uart_kl25.o(.text)
    uart_getchar_present                     0x000029e9   Thumb Code    10  uart_kl25.o(.text)
    uart0_init                               0x000029f3   Thumb Code    86  uart_kl25.o(.text)
    uart0_getchar                            0x00002a49   Thumb Code    18  uart_kl25.o(.text)
    uart0_putchar                            0x00002a5b   Thumb Code    16  uart_kl25.o(.text)
    uart0_getchar_present                    0x00002a6b   Thumb Code    10  uart_kl25.o(.text)
    TSS_FmstrCall                            0x00002a85   Thumb Code   430  tss_freemaster.o(.text)
    TSS_FmstrIsrCallback                     0x00002c33   Thumb Code     8  tss_freemaster.o(.text)
    TSIL_InitModule                          0x00002c4d   Thumb Code    22  tss_sensortsil.o(.text)
    TSIL_SetNSamples                         0x00002c63   Thumb Code    46  tss_sensortsil.o(.text)
    TSIL_InitLowPower                        0x00002c91   Thumb Code    66  tss_sensortsil.o(.text)
    TSIL_InitPEN                             0x00002cd3   Thumb Code   266  tss_sensortsil.o(.text)
    TSIL_Recalibrate                         0x00002ddd   Thumb Code   780  tss_sensortsil.o(.text)
    TSIL_InitThresholds                      0x000030e9   Thumb Code   182  tss_sensortsil.o(.text)
    TSIL_InitTrigger                         0x0000319f   Thumb Code   238  tss_sensortsil.o(.text)
    TSIL_MethodControl                       0x0000328d   Thumb Code   332  tss_sensortsil.o(.text)
    TSIL_ReadCounter                         0x000033d9   Thumb Code   124  tss_sensortsil.o(.text)
    TSIL_HandleMeasurement                   0x00003455   Thumb Code   164  tss_sensortsil.o(.text)
    TSIL_SampleElectrode                     0x000034f9   Thumb Code   354  tss_sensortsil.o(.text)
    TSS_TSI0Isr                              0x0000365b   Thumb Code   258  tss_sensortsil.o(.text)
    InitLEDGameBoard                         0x00003775   Thumb Code   356  main.o(.text)
    set                                      0x000038d9   Thumb Code    10  main.o(.text)
    clear                                    0x000038e3   Thumb Code    10  main.o(.text)
    pulse                                    0x000038ed   Thumb Code    16  main.o(.text)
    delay                                    0x000038fd   Thumb Code    32  main.o(.text)
    setCols                                  0x0000391d   Thumb Code   168  main.o(.text)
    setColor                                 0x000039c5   Thumb Code   200  main.o(.text)
    drawScreen                               0x00003a8d   Thumb Code    80  main.o(.text)
    main                                     0x00003add   Thumb Code   648  main.o(.text)
    Reset_Handler                            0x00003d7d   Thumb Code     8  startup_mkl25z4.o(.text)
    NMI_Handler                              0x00003d85   Thumb Code     2  startup_mkl25z4.o(.text)
    HardFault_Handler                        0x00003d87   Thumb Code     2  startup_mkl25z4.o(.text)
    SVC_Handler                              0x00003d89   Thumb Code     2  startup_mkl25z4.o(.text)
    PendSV_Handler                           0x00003d8b   Thumb Code     2  startup_mkl25z4.o(.text)
    SysTick_Handler                          0x00003d8d   Thumb Code     2  startup_mkl25z4.o(.text)
    ADC0_IRQHandler                          0x00003d8f   Thumb Code     0  startup_mkl25z4.o(.text)
    CMP0_IRQHandler                          0x00003d8f   Thumb Code     0  startup_mkl25z4.o(.text)
    DAC0_IRQHandler                          0x00003d8f   Thumb Code     0  startup_mkl25z4.o(.text)
    DMA0_IRQHandler                          0x00003d8f   Thumb Code     0  startup_mkl25z4.o(.text)
    DMA1_IRQHandler                          0x00003d8f   Thumb Code     0  startup_mkl25z4.o(.text)
    DMA2_IRQHandler                          0x00003d8f   Thumb Code     0  startup_mkl25z4.o(.text)
    DMA3_IRQHandler                          0x00003d8f   Thumb Code     0  startup_mkl25z4.o(.text)
    DefaultISR                               0x00003d8f   Thumb Code     0  startup_mkl25z4.o(.text)
    FTFA_IRQHandler                          0x00003d8f   Thumb Code     0  startup_mkl25z4.o(.text)
    I2C0_IRQHandler                          0x00003d8f   Thumb Code     0  startup_mkl25z4.o(.text)
    I2C1_IRQHandler                          0x00003d8f   Thumb Code     0  startup_mkl25z4.o(.text)
    LLW_IRQHandler                           0x00003d8f   Thumb Code     0  startup_mkl25z4.o(.text)
    LPTimer_IRQHandler                       0x00003d8f   Thumb Code     0  startup_mkl25z4.o(.text)
    LVD_LVW_IRQHandler                       0x00003d8f   Thumb Code     0  startup_mkl25z4.o(.text)
    MCG_IRQHandler                           0x00003d8f   Thumb Code     0  startup_mkl25z4.o(.text)
    PIT_IRQHandler                           0x00003d8f   Thumb Code     0  startup_mkl25z4.o(.text)
    PORTA_IRQHandler                         0x00003d8f   Thumb Code     0  startup_mkl25z4.o(.text)
    PORTD_IRQHandler                         0x00003d8f   Thumb Code     0  startup_mkl25z4.o(.text)
    RTC_IRQHandler                           0x00003d8f   Thumb Code     0  startup_mkl25z4.o(.text)
    RTC_Seconds_IRQHandler                   0x00003d8f   Thumb Code     0  startup_mkl25z4.o(.text)
    Reserved20_IRQHandler                    0x00003d8f   Thumb Code     0  startup_mkl25z4.o(.text)
    Reserved39_IRQHandler                    0x00003d8f   Thumb Code     0  startup_mkl25z4.o(.text)
    Reserved45_IRQHandler                    0x00003d8f   Thumb Code     0  startup_mkl25z4.o(.text)
    SPI0_IRQHandler                          0x00003d8f   Thumb Code     0  startup_mkl25z4.o(.text)
    SPI1_IRQHandler                          0x00003d8f   Thumb Code     0  startup_mkl25z4.o(.text)
    TPM0_IRQHandler                          0x00003d8f   Thumb Code     0  startup_mkl25z4.o(.text)
    TPM1_IRQHandler                          0x00003d8f   Thumb Code     0  startup_mkl25z4.o(.text)
    TPM2_IRQHandler                          0x00003d8f   Thumb Code     0  startup_mkl25z4.o(.text)
    TSI0_IRQHandler                          0x00003d8f   Thumb Code     0  startup_mkl25z4.o(.text)
    UART0_IRQHandler                         0x00003d8f   Thumb Code     0  startup_mkl25z4.o(.text)
    UART1_IRQHandler                         0x00003d8f   Thumb Code     0  startup_mkl25z4.o(.text)
    UART2_IRQHandler                         0x00003d8f   Thumb Code     0  startup_mkl25z4.o(.text)
    USB0_IRQHandler                          0x00003d8f   Thumb Code     0  startup_mkl25z4.o(.text)
    FreeMASTER_Init                          0x00003d99   Thumb Code    50  board.o(.text)
    PWM_init                                 0x00003dcb   Thumb Code   114  board.o(.text)
    LPTMRInit                                0x00003e3d   Thumb Code    62  board.o(.text)
    LPTMRStop                                0x00003e7b   Thumb Code    34  board.o(.text)
    LPTMRIsr                                 0x00003e9d   Thumb Code   126  board.o(.text)
    GotoLowPower                             0x00003f1b   Thumb Code   136  board.o(.text)
    LowPowerControl                          0x00003fa3   Thumb Code    22  board.o(.text)
    InitDevices                              0x00003fb9   Thumb Code    30  board.o(.text)
    __aeabi_uidiv                            0x00004025   Thumb Code     0  uidiv.o(.text)
    __aeabi_uidivmod                         0x00004025   Thumb Code    44  uidiv.o(.text)
    __aeabi_idiv                             0x00004051   Thumb Code     0  idiv.o(.text)
    __aeabi_idivmod                          0x00004051   Thumb Code    40  idiv.o(.text)
    __aeabi_memcpy                           0x00004079   Thumb Code    36  memcpya.o(.text)
    __aeabi_memcpy4                          0x00004079   Thumb Code     0  memcpya.o(.text)
    __aeabi_memcpy8                          0x00004079   Thumb Code     0  memcpya.o(.text)
    __aeabi_fmul                             0x0000409d   Thumb Code   122  fmul.o(.text)
    __aeabi_fdiv                             0x00004117   Thumb Code   124  fdiv.o(.text)
    __aeabi_i2f                              0x00004193   Thumb Code    22  fflti.o(.text)
    __aeabi_f2uiz                            0x000041a9   Thumb Code    40  ffixui.o(.text)
    _float_round                             0x000041d1   Thumb Code    16  fepilogue.o(.text)
    _float_epilogue                          0x000041e1   Thumb Code   114  fepilogue.o(.text)
    __scatterload                            0x00004255   Thumb Code    28  init.o(.text)
    __scatterload_rt2                        0x00004255   Thumb Code     0  init.o(.text)
    __decompress                             0x00004279   Thumb Code     0  __dczerorl2.o(.text)
    __decompress1                            0x00004279   Thumb Code    86  __dczerorl2.o(.text)
    TSS_ASliderCalculatePosIIRFilter         0x000042d1   Thumb Code    94  tss_asliderdecoder.o(i.TSS_ASliderCalculatePosIIRFilter)
    TSS_ASliderDecoder                       0x0000433d   Thumb Code  1108  tss_asliderdecoder.o(i.TSS_ASliderDecoder)
    TSS_ASliderTrendControl                  0x00004795   Thumb Code   214  tss_asliderdecoder.o(i.TSS_ASliderTrendControl)
    TSS_ASliderTrendThreshold                0x00004881   Thumb Code    30  tss_asliderdecoder.o(i.TSS_ASliderTrendThreshold)
    TSS_BrowseModules                        0x000048a9   Thumb Code   134  tss_main.o(i.TSS_BrowseModules)
    TSS_CutSInt16ToSInt8                     0x0000493d   Thumb Code    22  tss_filters.o(i.TSS_CutSInt16ToSInt8)
    TSS_DataCorruptionCheck                  0x00004955   Thumb Code   156  tss_main.o(i.TSS_DataCorruptionCheck)
    TSS_DecodersControl                      0x00004a11   Thumb Code   102  tss_main.o(i.TSS_DecodersControl)
    TSS_FaultEvaluation                      0x00004a89   Thumb Code   106  tss_main.o(i.TSS_FaultEvaluation)
    TSS_GetSystemConfig                      0x00004b05   Thumb Code   230  tss_main.o(i.TSS_GetSystemConfig)
    TSS_Init                                 0x00004c15   Thumb Code    92  tss_main.o(i.TSS_Init)
    TSS_InitInternalArrays                   0x00004c81   Thumb Code    66  tss_main.o(i.TSS_InitInternalArrays)
    TSS_InitRegisterArrays                   0x00004cd5   Thumb Code    60  tss_main.o(i.TSS_InitRegisterArrays)
    TSS_KeyBasicDeltaNoiseAnalysisIIRControl 0x00004d2d   Thumb Code   108  tss_keydetectornormal.o(i.TSS_KeyBasicDeltaNoiseAnalysisIIRControl)
    TSS_KeyBasicDetect                       0x00004da1   Thumb Code   378  tss_keydetectornormal.o(i.TSS_KeyBasicDetect)
    TSS_KeyBasicElectrodeEval                0x00004f39   Thumb Code   578  tss_keydetectornormal.o(i.TSS_KeyBasicElectrodeEval)
    TSS_KeyBasicGetSystemDataContext         0x0000523d   Thumb Code    44  tss_keydetectornormal.o(i.TSS_KeyBasicGetSystemDataContext)
    TSS_KeyBasicNegativeBaselineDrop         0x00005271   Thumb Code   114  tss_keydetectornormal.o(i.TSS_KeyBasicNegativeBaselineDrop)
    TSS_KeyBasicSensAutoCalibration          0x00005301   Thumb Code   536  tss_keydetectornormal.o(i.TSS_KeyBasicSensAutoCalibration)
    TSS_KeyBasicStuckKeyControl              0x00005541   Thumb Code    58  tss_keydetectornormal.o(i.TSS_KeyBasicStuckKeyControl)
    TSS_KeyDetectorCalculateDelta            0x0000558d   Thumb Code    22  tss_keydetector.o(i.TSS_KeyDetectorCalculateDelta)
    TSS_KeyDetectorCalculateIIRFilter        0x000055ad   Thumb Code    20  tss_filters.o(i.TSS_KeyDetectorCalculateIIRFilter)
    TSS_KeyDetectorCalibrate                 0x000055c9   Thumb Code    26  tss_keydetector.o(i.TSS_KeyDetectorCalibrate)
    TSS_KeyDetectorElectrodeStatusUpdate     0x00005625   Thumb Code    44  tss_keydetector.o(i.TSS_KeyDetectorElectrodeStatusUpdate)
    TSS_KeyDetectorFillDeltaLogBuffer        0x0000567d   Thumb Code    12  tss_keydetector.o(i.TSS_KeyDetectorFillDeltaLogBuffer)
    TSS_KeyDetectorFillSignalLogBuffer       0x0000568d   Thumb Code    12  tss_keydetector.o(i.TSS_KeyDetectorFillSignalLogBuffer)
    TSS_KeyDetectorGetDCTrackerCounter       0x000056a1   Thumb Code     6  tss_keydetector.o(i.TSS_KeyDetectorGetDCTrackerCounter)
    TSS_KeyDetectorGetElectrodeEnablerStatus 0x000056ad   Thumb Code    50  tss_keydetector.o(i.TSS_KeyDetectorGetElectrodeEnablerStatus)
    TSS_KeyDetectorGetElectrodeGroupStatus   0x000056ed   Thumb Code    60  tss_keydetector.o(i.TSS_KeyDetectorGetElectrodeGroupStatus)
    TSS_KeyDetectorGetShieldElectrodeReleaseStatus 0x0000572d   Thumb Code    52  tss_keydetector.o(i.TSS_KeyDetectorGetShieldElectrodeReleaseStatus)
    TSS_KeyDetectorGetSlowDCTrackerCounter   0x0000576d   Thumb Code     6  tss_keydetector.o(i.TSS_KeyDetectorGetSlowDCTrackerCounter)
    TSS_KeyDetectorInit                      0x00005779   Thumb Code    50  tss_keydetector.o(i.TSS_KeyDetectorInit)
    TSS_KeyDetectorInitPrevCapSample         0x000057b9   Thumb Code    12  tss_filters.o(i.TSS_KeyDetectorInitPrevCapSample)
    TSS_KeyDetectorMain                      0x000057cd   Thumb Code   364  tss_keydetector.o(i.TSS_KeyDetectorMain)
    TSS_KeyDetectorRecalibrateModules        0x000059ed   Thumb Code    14  tss_keydetector.o(i.TSS_KeyDetectorRecalibrateModules)
    TSS_KeyDetectorRecalibrationRequest      0x00005a01   Thumb Code    16  tss_keydetector.o(i.TSS_KeyDetectorRecalibrationRequest)
    TSS_KeyDetectorReleaseElectrode          0x00005a11   Thumb Code    30  tss_keydetector.o(i.TSS_KeyDetectorReleaseElectrode)
    TSS_KeyDetectorResetElectrode            0x00005a35   Thumb Code    16  tss_keydetector.o(i.TSS_KeyDetectorResetElectrode)
    TSS_KeyDetectorResetElectrodeDebouncing  0x00005a49   Thumb Code    16  tss_keydetector.o(i.TSS_KeyDetectorResetElectrodeDebouncing)
    TSS_KeyDetectorResetElectrodeMeasured    0x00005a65   Thumb Code    24  tss_keydetector.o(i.TSS_KeyDetectorResetElectrodeMeasured)
    TSS_KeyDetectorResetStuckKeyCounter      0x00005a89   Thumb Code     8  tss_keydetector.o(i.TSS_KeyDetectorResetStuckKeyCounter)
    TSS_KeyDetectorRestartElectrode          0x00005a95   Thumb Code    44  tss_keydetector.o(i.TSS_KeyDetectorRestartElectrode)
    TSS_KeyDetectorSignalDivider             0x00005ad9   Thumb Code    18  tss_filters.o(i.TSS_KeyDetectorSignalDivider)
    TSS_LowPowerConfig                       0x00005af5   Thumb Code   150  tss_main.o(i.TSS_LowPowerConfig)
    TSS_SetASliderConfig                     0x00005b95   Thumb Code   240  tss_asliderdecoder.o(i.TSS_SetASliderConfig)
    TSS_SetControlElectrodesEnablers         0x00005c91   Thumb Code   130  tss_main.o(i.TSS_SetControlElectrodesEnablers)
    TSS_SetKeypadConfig                      0x00005d31   Thumb Code   214  tss_keypaddecoder.o(i.TSS_SetKeypadConfig)
    TSS_SetMatrixConfig                      0x00005e11   Thumb Code   266  tss_matrixdecoder.o(i.TSS_SetMatrixConfig)
    TSS_SetSliderConfig                      0x00005f29   Thumb Code   194  tss_sliderdecoder.o(i.TSS_SetSliderConfig)
    TSS_SetSystemConfig                      0x00005ff9   Thumb Code   742  tss_main.o(i.TSS_SetSystemConfig)
    TSS_SubUInt16WithUInt16ToSInt16          0x00006321   Thumb Code    40  tss_filters.o(i.TSS_SubUInt16WithUInt16ToSInt16)
    TSS_Task                                 0x0000634d   Thumb Code   182  tss_main.o(i.TSS_Task)
    TSS_TriggerConfig                        0x0000641d   Thumb Code    98  tss_main.o(i.TSS_TriggerConfig)
    TSS_TriggerControl                       0x00006489   Thumb Code    60  tss_main.o(i.TSS_TriggerControl)
    __ARM_common_switch8                     0x000064cd   Thumb Code    26  tss_asliderdecoder.o(i.__ARM_common_switch8)
    __scatterload_copy                       0x000064e7   Thumb Code    14  handlers.o(i.__scatterload_copy)
    __scatterload_zeroinit                   0x000064f5   Thumb Code    14  handlers.o(i.__scatterload_zeroinit)
    tss_faSampleElectrode                    0x00006504   Data           8  tss_sensor.o(.constdata)
    tss_faSampleElectrodeLow                 0x0000650c   Data           8  tss_sensor.o(.constdata)
    tss_acp8ElectrodeROMData                 0x00006514   Data           8  tss_sensor.o(.constdata)
    TSS_TSIL0_METHOD_ROMDATA_CONTEXT         0x0000651c   Data          16  tss_sensortsil.o(.constdata)
    TSS_E0_ROMDATA_CONTEXT                   0x0000652c   Data          12  tss_sensortsil.o(.constdata)
    TSS_E1_ROMDATA_CONTEXT                   0x00006538   Data          12  tss_sensortsil.o(.constdata)
    TSS_C0_INPUTS_GROUP                      0x00006548   Data           2  tss_systemsetupdata.o(.constdata)
    TSS_C0_STRUCTURE_ROM_CONTEXT             0x0000654c   Data          28  tss_systemsetupdata.o(.constdata)
    tss_faCallback                           0x00006568   Data           4  tss_systemsetupdata.o(.constdata)
    tss_acpsDecRAMContext                    0x0000656c   Data           4  tss_systemsetupdata.o(.constdata)
    tss_acpsDecROMContext                    0x00006570   Data           4  tss_systemsetupdata.o(.constdata)
    tss_acpsCSStructs                        0x00006574   Data           4  tss_systemsetupdata.o(.constdata)
    tss_faDecoders                           0x00006578   Data           4  tss_systemsetupdata.o(.constdata)
    tss_cau8ShieldPairs                      0x0000657c   Data           1  tss_systemsetupdata.o(.constdata)
    tss_cau8SignalDivider                    0x0000657d   Data           2  tss_systemsetupdata.o(.constdata)
    tss_cau8SignalMultiplier                 0x0000657f   Data           1  tss_systemsetupdata.o(.constdata)
    tss_fSetInternalPrivateData              0x00006580   Data           4  tss_systemsetupdata.o(.constdata)
    tss_fDecodersControl                     0x00006584   Data           4  tss_systemsetupdata.o(.constdata)
    tss_cu8NumElecs                          0x00006588   Data           1  tss_systemsetupdata.o(.constdata)
    tss_cu8NumCtrls                          0x00006589   Data           1  tss_systemsetupdata.o(.constdata)
    tss_cu8ElecBitFldLn                      0x0000658a   Data           1  tss_systemsetupdata.o(.constdata)
    tss_cu16Version                          0x0000658c   Data           2  tss_systemsetupdata.o(.constdata)
    tss_fCalculateIIRFilter                  0x00006590   Data           4  tss_systemsetupdata.o(.constdata)
    tss_fCalculateShielding                  0x00006594   Data           4  tss_systemsetupdata.o(.constdata)
    tss_fInitPrevCapSample                   0x00006598   Data           4  tss_systemsetupdata.o(.constdata)
    tss_fFillDeltaLogBuffer                  0x0000659c   Data           4  tss_systemsetupdata.o(.constdata)
    tss_fFillIntegrDeltaLogBuffer            0x000065a0   Data           4  tss_systemsetupdata.o(.constdata)
    tss_fFillSignalLogBuffer                 0x000065a4   Data           4  tss_systemsetupdata.o(.constdata)
    tss_fDataCorruptionCheck                 0x000065a8   Data           4  tss_systemsetupdata.o(.constdata)
    tss_fFmstrCall                           0x000065ac   Data           4  tss_systemsetupdata.o(.constdata)
    tss_fTriggerConfig                       0x000065b0   Data           4  tss_systemsetupdata.o(.constdata)
    tss_fTriggerControl                      0x000065b4   Data           4  tss_systemsetupdata.o(.constdata)
    tss_fLowPowerConfig                      0x000065b8   Data           4  tss_systemsetupdata.o(.constdata)
    tss_fOnFault                             0x000065bc   Data           4  tss_systemsetupdata.o(.constdata)
    tss_fOnInit                              0x000065c0   Data           4  tss_systemsetupdata.o(.constdata)
    tss_cu8APosFilterWeight                  0x000065c4   Data           1  tss_systemsetupdata.o(.constdata)
    tss_fASliderCalculatePosIIRFilter        0x000065c8   Data           4  tss_systemsetupdata.o(.constdata)
    tss_cu8ASliderDelayBufferLength          0x000065cc   Data           1  tss_systemsetupdata.o(.constdata)
    tss_fASliderDelayControl                 0x000065d0   Data           4  tss_systemsetupdata.o(.constdata)
    tss_cu8ASliderTrendBufferLength          0x000065d4   Data           1  tss_systemsetupdata.o(.constdata)
    tss_i8ASliderTrendThreshold              0x000065d5   Data           1  tss_systemsetupdata.o(.constdata)
    tss_fASliderTrendThreshold               0x000065d8   Data           4  tss_systemsetupdata.o(.constdata)
    tss_fASliderTrendControl                 0x000065dc   Data           4  tss_systemsetupdata.o(.constdata)
    tss_cu8MatrixPosFilterWeight             0x000065e0   Data           1  tss_systemsetupdata.o(.constdata)
    tss_fMatrixCalculatePosIIRFilter         0x000065e4   Data           4  tss_systemsetupdata.o(.constdata)
    tss_fOnProximity                         0x000065e8   Data           4  tss_systemsetupdata.o(.constdata)
    tss_fProximityConfig                     0x000065ec   Data           4  tss_systemsetupdata.o(.constdata)
    tss_fStuckKeyControl                     0x000065f0   Data           4  tss_systemsetupdata.o(.constdata)
    tss_fResetStuckKeyCounter                0x000065f4   Data           4  tss_systemsetupdata.o(.constdata)
    tss_fNegativeBaselineDrop                0x000065f8   Data           4  tss_systemsetupdata.o(.constdata)
    tss_fKeyDetectorRecalibrationRequest     0x000065fc   Data           4  tss_systemsetupdata.o(.constdata)
    tss_fSignalDivider                       0x00006600   Data           4  tss_systemsetupdata.o(.constdata)
    tss_fSignalMultiplier                    0x00006604   Data           4  tss_systemsetupdata.o(.constdata)
    tss_fAutoCalibration                     0x00006608   Data           4  tss_systemsetupdata.o(.constdata)
    tss_fSensitivityLowLimitControl          0x0000660c   Data           4  tss_systemsetupdata.o(.constdata)
    tss_fDeltaNoiseAnalysisIIRControl        0x00006610   Data           4  tss_systemsetupdata.o(.constdata)
    tss_cu8BaselineInitLength                0x00006614   Data           1  tss_systemsetupdata.o(.constdata)
    tss_cu8AutoCalibInitLength               0x00006615   Data           1  tss_systemsetupdata.o(.constdata)
    tss_ci8DeltaNoiseAnalysisIIRWeights      0x00006616   Data           2  tss_systemsetupdata.o(.constdata)
    tss_csKeyBasicASCContext                 0x00006618   Data           6  tss_systemsetupdata.o(.constdata)
    tss_csKeyAFIDASCContext                  0x0000661e   Data           5  tss_systemsetupdata.o(.constdata)
    tss_fKeyDetectorElectrodeEval            0x00006624   Data           4  tss_systemsetupdata.o(.constdata)
    tss_fKeyDetectorIntegrationResetEval     0x00006628   Data           4  tss_systemsetupdata.o(.constdata)
    tss_fKeyNoiseSchedulerInit               0x0000662c   Data           4  tss_systemsetupdata.o(.constdata)
    tss_fKeyNoiseSchedulerRun                0x00006630   Data           4  tss_systemsetupdata.o(.constdata)
    tss_fKeyNoiseIIRControl                  0x00006634   Data           4  tss_systemsetupdata.o(.constdata)
    tss_fGetSystemDataContext                0x00006638   Data           4  tss_systemsetupdata.o(.constdata)
    Region$$Table$$Base                      0x000067d4   Number         0  anon$$obj.o(Region$$Table)
    Region$$Table$$Limit                     0x000067f4   Number         0  anon$$obj.o(Region$$Table)
    mcg_clk_hz                               0x1ffff02c   Data           4  sysinit_kl25.o(.data)
    fmstr_write                              0x1ffff030   Data           8  tss_freemaster.o(.data)
    fmstr_config                             0x1ffff038   Data           2  tss_freemaster.o(.data)
    tss_u8SampleIntFlag                      0x1ffff03c   Data           1  tss_sensor.o(.data)
    tss_u8HWTimerFlag                        0x1ffff03d   Data           1  tss_sensor.o(.data)
    tss_psElectrodeTimertAdr                 0x1ffff040   Data           4  tss_sensor.o(.data)
    tss_psElectrodeRGPIOAdr                  0x1ffff044   Data           4  tss_sensor.o(.data)
    tss_u8ElectrodeBitNum                    0x1ffff048   Data           1  tss_sensor.o(.data)
    tss_u8TriggerCounter                     0x1ffff049   Data           1  tss_sensor.o(.data)
    tss_acp8ElectrodeRAMData                 0x1ffff04c   Data           8  tss_sensor.o(.data)
    TSS_E0_RAMDATA_CONTEXT                   0x1ffff054   Data           1  tss_sensortsil.o(.data)
    TSS_E1_RAMDATA_CONTEXT                   0x1ffff055   Data           1  tss_sensortsil.o(.data)
    cASlider1                                0x1ffff058   Data           8  tss_systemsetupdata.o(.data)
    TSS_C0_POSFILTER_CONTEXT                 0x1ffff060   Data           2  tss_systemsetupdata.o(.data)
    TSS_C0_DELAY_CONTEXT                     0x1ffff062   Data           1  tss_systemsetupdata.o(.data)
    TSS_C0_TREND_CONTEXT                     0x1ffff063   Data           3  tss_systemsetupdata.o(.data)
    TSS_C0_DELAY_BUFFER                      0x1ffff066   Data           1  tss_systemsetupdata.o(.data)
    TSS_C0_STRUCTURE_RAM_CONTEXT             0x1ffff068   Data           2  tss_systemsetupdata.o(.data)
    tss_apsControlPrivateData                0x1ffff06c   Data           4  tss_systemsetupdata.o(.data)
    tss_au8Sensitivity                       0x1ffff070   Data           2  tss_systemsetupdata.o(.data)
    tss_au8ElectrodeEnablers                 0x1ffff072   Data           1  tss_systemsetupdata.o(.data)
    tss_au8ElectrodeStatus                   0x1ffff073   Data           1  tss_systemsetupdata.o(.data)
    tss_au16ElecBaseline                     0x1ffff074   Data           4  tss_systemsetupdata.o(.data)
    tss_au8ElectrodeMeasured                 0x1ffff078   Data           1  tss_systemsetupdata.o(.data)
    tss_au8ElectrodeMarker                   0x1ffff079   Data           1  tss_systemsetupdata.o(.data)
    tss_au8ElectrodeLowThresholdEnablers     0x1ffff07a   Data           1  tss_systemsetupdata.o(.data)
    tss_au8ElectrodeDCTrackerEnablers        0x1ffff07b   Data           1  tss_systemsetupdata.o(.data)
    tss_au8DebounceCount                     0x1ffff07c   Data           2  tss_systemsetupdata.o(.data)
    tss_au8TouchCount                        0x1ffff07e   Data           2  tss_systemsetupdata.o(.data)
    tss_au8ReleaseCount                      0x1ffff080   Data           2  tss_systemsetupdata.o(.data)
    tss_au8ElecState                         0x1ffff082   Data           2  tss_systemsetupdata.o(.data)
    tss_au8ControlScheduleCount              0x1ffff084   Data           1  tss_systemsetupdata.o(.data)
    tss_au16PrevCapSample                    0x1ffff086   Data           4  tss_systemsetupdata.o(.data)
    tss_ai8InstantDelta                      0x1ffff08a   Data           2  tss_systemsetupdata.o(.data)
    tss_ai8IntegrationDelta                  0x1ffff08c   Data           1  tss_systemsetupdata.o(.data)
    tss_au16InstantSignal                    0x1ffff08e   Data           4  tss_systemsetupdata.o(.data)
    tss_u8ConfCheckSum                       0x1ffff092   Data           1  tss_systemsetupdata.o(.data)
    tss_au8StuckCount                        0x1ffff093   Data           2  tss_systemsetupdata.o(.data)
    tss_ai8MaxDeltaAmplitude                 0x1ffff095   Data           2  tss_systemsetupdata.o(.data)
    tss_ai8DeltaAmplitude                    0x1ffff097   Data           2  tss_systemsetupdata.o(.data)
    tss_asAutoCalibrationData                0x1ffff099   Data           6  tss_systemsetupdata.o(.data)
    tss_ai8NoiseAmplitude                    0x1ffff09f   Data           2  tss_systemsetupdata.o(.data)
    tss_ai8SensitivityLowLimit               0x1ffff0a1   Data           1  tss_systemsetupdata.o(.data)
    u16LPcounter                             0x1ffff0a4   Data           2  main.o(.data)
    game_speed                               0x1ffff0a8   Data           4  main.o(.data)
    startGameScreen                          0x1ffff0ac   Data         512  main.o(.data)
    youWinScreen                             0x1ffff2ac   Data         512  main.o(.data)
    gameOverScreen                           0x1ffff4ac   Data         512  main.o(.data)
    tss_u16CapSample                         0x1ffff6b2   Data           2  tss_keydetector.o(.data)
    TSS_TSIL0_CHANNEL_COUNTER_BUFFER         0x1ffff728   Data          32  tss_sensortsil.o(.bss)
    TSS_TSIL0_METHOD_RAMDATA_CONTEXT         0x1ffff748   Data          10  tss_sensortsil.o(.bss)
    TSS_C0_TREND_BUFFER                      0x1ffff752   Data          32  tss_systemsetupdata.o(.bss)
    tss_CSSys                                0x1ffff772   Data          12  tss_systemsetupdata.o(.bss)
    tss_asDeltaNoiseAnalysisIIRData          0x1ffff77e   Data          12  tss_systemsetupdata.o(.bss)
    screen                                   0x1ffff78a   Data         512  main.o(.bss)
    __initial_sp                             0x1ffffd90   Data           0  startup_mkl25z4.o(STACK)



==============================================================================

Memory Map of the image

  Image Entry point : 0x000000c1

  Load Region LR_IROM1 (Base: 0x00000000, Size: 0x00006eb0, Max: 0x00020000, ABSOLUTE, COMPRESSED[0x00006934])

    Execution Region ER_IROM1 (Exec base: 0x00000000, Load base: 0x00000000, Size: 0x000067f4, Max: 0x00020000, ABSOLUTE)

    Exec Addr    Load Addr    Size         Type   Attr      Idx    E Section Name        Object

    0x00000000   0x00000000   0x000000c0   Data   RO          473    RESET               startup_mkl25z4.o
    0x000000c0   0x000000c0   0x00000000   Code   RO          717  * .ARM.Collect$$$$00000000  mc_p.l(entry.o)
    0x000000c0   0x000000c0   0x00000004   Code   RO          736    .ARM.Collect$$$$00000001  mc_p.l(entry2.o)
    0x000000c4   0x000000c4   0x00000004   Code   RO          739    .ARM.Collect$$$$00000004  mc_p.l(entry5.o)
    0x000000c8   0x000000c8   0x00000000   Code   RO          741    .ARM.Collect$$$$00000008  mc_p.l(entry7b.o)
    0x000000c8   0x000000c8   0x00000000   Code   RO          743    .ARM.Collect$$$$0000000A  mc_p.l(entry8b.o)
    0x000000c8   0x000000c8   0x00000008   Code   RO          744    .ARM.Collect$$$$0000000B  mc_p.l(entry9a.o)
    0x000000d0   0x000000d0   0x00000000   Code   RO          746    .ARM.Collect$$$$0000000D  mc_p.l(entry10a.o)
    0x000000d0   0x000000d0   0x00000000   Code   RO          748    .ARM.Collect$$$$0000000F  mc_p.l(entry11a.o)
    0x000000d0   0x000000d0   0x00000004   Code   RO          737    .ARM.Collect$$$$00002712  mc_p.l(entry2.o)
    0x000000d4   0x000000d4   0x00000118   Code   RO            1    .text               app_init.o
    0x000001ec   0x000001ec   0x00000070   Code   RO           59    .text               events.o
    0x0000025c   0x0000025c   0x000000b8   Code   RO          159    .text               freemaster_scope.o
    0x00000314   0x00000314   0x00000088   Code   RO          209    .text               arm_cm0.o
    0x0000039c   0x0000039c   0x0000000c   Code   RO          272    .text               wdog_kl25.o
    0x000003a8   0x000003a8   0x00000038   Code   RO          318    .text               tss_sensor.o
    0x000003e0   0x000003e0   0x0000000e   Code   RO          411    .text               tss_systemsetupdata.o
    0x000003ee   0x000003ee   0x0000000c   Code   RO          482    .text               system_mkl25z4.o
    0x000003fa   0x000003fa   0x00000000   Code   RO          750    .text               mc_p.l(iusefp.o)
    0x000003fa   0x000003fa   0x00000002   Code   RO          757    i.__scatterload_null  mc_p.l(handlers.o)
    0x000003fc   0x000003fc   0x00000004   PAD
    0x00000400   0x00000400   0x00000010   Code   RO          474    .ARM.__at_0x400     startup_mkl25z4.o
    0x00000410   0x00000410   0x000001f2   Code   RO          135    .text               freemaster_protocol.o
    0x00000602   0x00000602   0x00000002   PAD
    0x00000604   0x00000604   0x0000039c   Code   RO          174    .text               freemaster_serial.o
    0x000009a0   0x000009a0   0x00000144   Code   RO          195    .text               freemaster_kxx.o
    0x00000ae4   0x00000ae4   0x000000c4   Code   RO          221    .text               sysinit_kl25.o
    0x00000ba8   0x00000ba8   0x00001da8   Code   RO          254    .text               mcg_kl25.o
    0x00002950   0x00002950   0x00000134   Code   RO          284    .text               uart_kl25.o
    0x00002a84   0x00002a84   0x000001c8   Code   RO          296    .text               tss_freemaster.o
    0x00002c4c   0x00002c4c   0x00000b28   Code   RO          387    .text               tss_sensortsil.o
    0x00003774   0x00003774   0x00000608   Code   RO          434    .text               main.o
    0x00003d7c   0x00003d7c   0x0000001c   Code   RO          475    .text               startup_mkl25z4.o
    0x00003d98   0x00003d98   0x0000028c   Code   RO          494    .text               board.o
    0x00004024   0x00004024   0x0000002c   Code   RO          720    .text               mc_p.l(uidiv.o)
    0x00004050   0x00004050   0x00000028   Code   RO          722    .text               mc_p.l(idiv.o)
    0x00004078   0x00004078   0x00000024   Code   RO          724    .text               mc_p.l(memcpya.o)
    0x0000409c   0x0000409c   0x0000007a   Code   RO          728    .text               mf_p.l(fmul.o)
    0x00004116   0x00004116   0x0000007c   Code   RO          730    .text               mf_p.l(fdiv.o)
    0x00004192   0x00004192   0x00000016   Code   RO          732    .text               mf_p.l(fflti.o)
    0x000041a8   0x000041a8   0x00000028   Code   RO          734    .text               mf_p.l(ffixui.o)
    0x000041d0   0x000041d0   0x00000082   Code   RO          751    .text               mf_p.l(fepilogue.o)
    0x00004252   0x00004252   0x00000002   PAD
    0x00004254   0x00004254   0x00000024   Code   RO          753    .text               mc_p.l(init.o)
    0x00004278   0x00004278   0x00000056   Code   RO          762    .text               mc_p.l(__dczerorl2.o)
    0x000042ce   0x000042ce   0x00000002   PAD
    0x000042d0   0x000042d0   0x0000006c   Code   RO          510    i.TSS_ASliderCalculatePosIIRFilter  TSS_KXX_M0.lib(tss_asliderdecoder.o)
    0x0000433c   0x0000433c   0x00000458   Code   RO          511    i.TSS_ASliderDecoder  TSS_KXX_M0.lib(tss_asliderdecoder.o)
    0x00004794   0x00004794   0x000000ec   Code   RO          513    i.TSS_ASliderTrendControl  TSS_KXX_M0.lib(tss_asliderdecoder.o)
    0x00004880   0x00004880   0x00000028   Code   RO          514    i.TSS_ASliderTrendThreshold  TSS_KXX_M0.lib(tss_asliderdecoder.o)
    0x000048a8   0x000048a8   0x00000094   Code   RO          648    i.TSS_BrowseModules  TSS_KXX_M0.lib(tss_main.o)
    0x0000493c   0x0000493c   0x00000016   Code   RO          559    i.TSS_CutSInt16ToSInt8  TSS_KXX_M0.lib(tss_filters.o)
    0x00004952   0x00004952   0x00000002   PAD
    0x00004954   0x00004954   0x000000bc   Code   RO          649    i.TSS_DataCorruptionCheck  TSS_KXX_M0.lib(tss_main.o)
    0x00004a10   0x00004a10   0x00000078   Code   RO          650    i.TSS_DecodersControl  TSS_KXX_M0.lib(tss_main.o)
    0x00004a88   0x00004a88   0x0000007c   Code   RO          651    i.TSS_FaultEvaluation  TSS_KXX_M0.lib(tss_main.o)
    0x00004b04   0x00004b04   0x00000110   Code   RO          660    i.TSS_GetSystemConfig  TSS_KXX_M0.lib(tss_main.o)
    0x00004c14   0x00004c14   0x0000006c   Code   RO          661    i.TSS_Init          TSS_KXX_M0.lib(tss_main.o)
    0x00004c80   0x00004c80   0x00000054   Code   RO          662    i.TSS_InitInternalArrays  TSS_KXX_M0.lib(tss_main.o)
    0x00004cd4   0x00004cd4   0x00000058   Code   RO          663    i.TSS_InitRegisterArrays  TSS_KXX_M0.lib(tss_main.o)
    0x00004d2c   0x00004d2c   0x00000074   Code   RO          632    i.TSS_KeyBasicDeltaNoiseAnalysisIIRControl  TSS_KXX_M0.lib(tss_keydetectornormal.o)
    0x00004da0   0x00004da0   0x00000198   Code   RO          633    i.TSS_KeyBasicDetect  TSS_KXX_M0.lib(tss_keydetectornormal.o)
    0x00004f38   0x00004f38   0x00000290   Code   RO          634    i.TSS_KeyBasicElectrodeEval  TSS_KXX_M0.lib(tss_keydetectornormal.o)
    0x000051c8   0x000051c8   0x00000074   Code   RO          635    i.TSS_KeyBasicEvaluateNoiseData  TSS_KXX_M0.lib(tss_keydetectornormal.o)
    0x0000523c   0x0000523c   0x00000034   Code   RO          636    i.TSS_KeyBasicGetSystemDataContext  TSS_KXX_M0.lib(tss_keydetectornormal.o)
    0x00005270   0x00005270   0x00000090   Code   RO          637    i.TSS_KeyBasicNegativeBaselineDrop  TSS_KXX_M0.lib(tss_keydetectornormal.o)
    0x00005300   0x00005300   0x00000240   Code   RO          638    i.TSS_KeyBasicSensAutoCalibration  TSS_KXX_M0.lib(tss_keydetectornormal.o)
    0x00005540   0x00005540   0x0000004c   Code   RO          639    i.TSS_KeyBasicStuckKeyControl  TSS_KXX_M0.lib(tss_keydetectornormal.o)
    0x0000558c   0x0000558c   0x00000020   Code   RO          583    i.TSS_KeyDetectorCalculateDelta  TSS_KXX_M0.lib(tss_keydetector.o)
    0x000055ac   0x000055ac   0x0000001c   Code   RO          560    i.TSS_KeyDetectorCalculateIIRFilter  TSS_KXX_M0.lib(tss_filters.o)
    0x000055c8   0x000055c8   0x00000020   Code   RO          584    i.TSS_KeyDetectorCalibrate  TSS_KXX_M0.lib(tss_keydetector.o)
    0x000055e8   0x000055e8   0x0000003c   Code   RO          585    i.TSS_KeyDetectorDCTrackerEvalExecution  TSS_KXX_M0.lib(tss_keydetector.o)
    0x00005624   0x00005624   0x00000030   Code   RO          586    i.TSS_KeyDetectorElectrodeStatusUpdate  TSS_KXX_M0.lib(tss_keydetector.o)
    0x00005654   0x00005654   0x00000026   Code   RO          587    i.TSS_KeyDetectorFaultDecoder  TSS_KXX_M0.lib(tss_keydetector.o)
    0x0000567a   0x0000567a   0x00000002   PAD
    0x0000567c   0x0000567c   0x00000010   Code   RO          588    i.TSS_KeyDetectorFillDeltaLogBuffer  TSS_KXX_M0.lib(tss_keydetector.o)
    0x0000568c   0x0000568c   0x00000014   Code   RO          589    i.TSS_KeyDetectorFillSignalLogBuffer  TSS_KXX_M0.lib(tss_keydetector.o)
    0x000056a0   0x000056a0   0x0000000c   Code   RO          590    i.TSS_KeyDetectorGetDCTrackerCounter  TSS_KXX_M0.lib(tss_keydetector.o)
    0x000056ac   0x000056ac   0x00000040   Code   RO          591    i.TSS_KeyDetectorGetElectrodeEnablerStatus  TSS_KXX_M0.lib(tss_keydetector.o)
    0x000056ec   0x000056ec   0x00000040   Code   RO          592    i.TSS_KeyDetectorGetElectrodeGroupStatus  TSS_KXX_M0.lib(tss_keydetector.o)
    0x0000572c   0x0000572c   0x00000040   Code   RO          593    i.TSS_KeyDetectorGetShieldElectrodeReleaseStatus  TSS_KXX_M0.lib(tss_keydetector.o)
    0x0000576c   0x0000576c   0x0000000c   Code   RO          594    i.TSS_KeyDetectorGetSlowDCTrackerCounter  TSS_KXX_M0.lib(tss_keydetector.o)
    0x00005778   0x00005778   0x00000040   Code   RO          595    i.TSS_KeyDetectorInit  TSS_KXX_M0.lib(tss_keydetector.o)
    0x000057b8   0x000057b8   0x00000014   Code   RO          562    i.TSS_KeyDetectorInitPrevCapSample  TSS_KXX_M0.lib(tss_filters.o)
    0x000057cc   0x000057cc   0x00000198   Code   RO          596    i.TSS_KeyDetectorMain  TSS_KXX_M0.lib(tss_keydetector.o)
    0x00005964   0x00005964   0x00000088   Code   RO          598    i.TSS_KeyDetectorRecalibrateElectrode  TSS_KXX_M0.lib(tss_keydetector.o)
    0x000059ec   0x000059ec   0x00000014   Code   RO          599    i.TSS_KeyDetectorRecalibrateModules  TSS_KXX_M0.lib(tss_keydetector.o)
    0x00005a00   0x00005a00   0x00000010   Code   RO          600    i.TSS_KeyDetectorRecalibrationRequest  TSS_KXX_M0.lib(tss_keydetector.o)
    0x00005a10   0x00005a10   0x00000024   Code   RO          601    i.TSS_KeyDetectorReleaseElectrode  TSS_KXX_M0.lib(tss_keydetector.o)
    0x00005a34   0x00005a34   0x00000014   Code   RO          602    i.TSS_KeyDetectorResetElectrode  TSS_KXX_M0.lib(tss_keydetector.o)
    0x00005a48   0x00005a48   0x0000001c   Code   RO          603    i.TSS_KeyDetectorResetElectrodeDebouncing  TSS_KXX_M0.lib(tss_keydetector.o)
    0x00005a64   0x00005a64   0x00000024   Code   RO          604    i.TSS_KeyDetectorResetElectrodeMeasured  TSS_KXX_M0.lib(tss_keydetector.o)
    0x00005a88   0x00005a88   0x0000000c   Code   RO          605    i.TSS_KeyDetectorResetStuckKeyCounter  TSS_KXX_M0.lib(tss_keydetector.o)
    0x00005a94   0x00005a94   0x00000044   Code   RO          606    i.TSS_KeyDetectorRestartElectrode  TSS_KXX_M0.lib(tss_keydetector.o)
    0x00005ad8   0x00005ad8   0x0000001c   Code   RO          563    i.TSS_KeyDetectorSignalDivider  TSS_KXX_M0.lib(tss_filters.o)
    0x00005af4   0x00005af4   0x000000a0   Code   RO          669    i.TSS_LowPowerConfig  TSS_KXX_M0.lib(tss_main.o)
    0x00005b94   0x00005b94   0x000000fc   Code   RO          516    i.TSS_SetASliderConfig  TSS_KXX_M0.lib(tss_asliderdecoder.o)
    0x00005c90   0x00005c90   0x000000a0   Code   RO          671    i.TSS_SetControlElectrodesEnablers  TSS_KXX_M0.lib(tss_main.o)
    0x00005d30   0x00005d30   0x000000e0   Code   RO          529    i.TSS_SetKeypadConfig  TSS_KXX_M0.lib(tss_keypaddecoder.o)
    0x00005e10   0x00005e10   0x00000118   Code   RO          542    i.TSS_SetMatrixConfig  TSS_KXX_M0.lib(tss_matrixdecoder.o)
    0x00005f28   0x00005f28   0x000000d0   Code   RO          554    i.TSS_SetSliderConfig  TSS_KXX_M0.lib(tss_sliderdecoder.o)
    0x00005ff8   0x00005ff8   0x00000328   Code   RO          673    i.TSS_SetSystemConfig  TSS_KXX_M0.lib(tss_main.o)
    0x00006320   0x00006320   0x0000002c   Code   RO          568    i.TSS_SubUInt16WithUInt16ToSInt16  TSS_KXX_M0.lib(tss_filters.o)
    0x0000634c   0x0000634c   0x000000d0   Code   RO          678    i.TSS_Task          TSS_KXX_M0.lib(tss_main.o)
    0x0000641c   0x0000641c   0x0000006c   Code   RO          680    i.TSS_TriggerConfig  TSS_KXX_M0.lib(tss_main.o)
    0x00006488   0x00006488   0x00000044   Code   RO          681    i.TSS_TriggerControl  TSS_KXX_M0.lib(tss_main.o)
    0x000064cc   0x000064cc   0x0000001a   Code   RO          525    i.__ARM_common_switch8  TSS_KXX_M0.lib(tss_asliderdecoder.o)
    0x000064e6   0x000064e6   0x0000000e   Code   RO          756    i.__scatterload_copy  mc_p.l(handlers.o)
    0x000064f4   0x000064f4   0x0000000e   Code   RO          758    i.__scatterload_zeroinit  mc_p.l(handlers.o)
    0x00006502   0x00006502   0x00000002   PAD
    0x00006504   0x00006504   0x00000018   Data   RO          319    .constdata          tss_sensor.o
    0x0000651c   0x0000651c   0x0000002c   Data   RO          389    .constdata          tss_sensortsil.o
    0x00006548   0x00006548   0x000000f4   Data   RO          413    .constdata          tss_systemsetupdata.o
    0x0000663c   0x0000663c   0x00000198   Data   RO          436    .constdata          main.o
    0x000067d4   0x000067d4   0x00000020   Data   RO          755    Region$$Table       anon$$obj.o


    Execution Region RW_IRAM1 (Exec base: 0x1ffff000, Load base: 0x000067f4, Size: 0x00000d90, Max: 0x00001000, ABSOLUTE, COMPRESSED[0x00000140])

    Exec Addr    Load Addr    Size         Type   Attr      Idx    E Section Name        Object

    0x1ffff000   COMPRESSED   0x00000009   Data   RW          161    .data               freemaster_scope.o
    0x1ffff009   COMPRESSED   0x00000003   PAD
    0x1ffff00c   COMPRESSED   0x0000001c   Data   RW          176    .data               freemaster_serial.o
    0x1ffff028   COMPRESSED   0x00000001   Data   RW          196    .data               freemaster_kxx.o
    0x1ffff029   COMPRESSED   0x00000003   PAD
    0x1ffff02c   COMPRESSED   0x00000004   Data   RW          222    .data               sysinit_kl25.o
    0x1ffff030   COMPRESSED   0x0000000a   Data   RW          297    .data               tss_freemaster.o
    0x1ffff03a   COMPRESSED   0x00000002   PAD
    0x1ffff03c   COMPRESSED   0x00000018   Data   RW          320    .data               tss_sensor.o
    0x1ffff054   COMPRESSED   0x00000002   Data   RW          390    .data               tss_sensortsil.o
    0x1ffff056   COMPRESSED   0x00000002   PAD
    0x1ffff058   COMPRESSED   0x0000004a   Data   RW          414    .data               tss_systemsetupdata.o
    0x1ffff0a2   COMPRESSED   0x00000002   PAD
    0x1ffff0a4   COMPRESSED   0x00000608   Data   RW          437    .data               main.o
    0x1ffff6ac   COMPRESSED   0x00000008   Data   RW          607    .data               TSS_KXX_M0.lib(tss_keydetector.o)
    0x1ffff6b4   COMPRESSED   0x00000008   Data   RW          682    .data               TSS_KXX_M0.lib(tss_main.o)
    0x1ffff6bc        -       0x00000020   Zero   RW          160    .bss                freemaster_scope.o
    0x1ffff6dc        -       0x0000004c   Zero   RW          175    .bss                freemaster_serial.o
    0x1ffff728        -       0x0000002a   Zero   RW          388    .bss                tss_sensortsil.o
    0x1ffff752        -       0x00000038   Zero   RW          412    .bss                tss_systemsetupdata.o
    0x1ffff78a        -       0x00000200   Zero   RW          435    .bss                main.o
    0x1ffff98a   COMPRESSED   0x00000006   PAD
    0x1ffff990        -       0x00000400   Zero   RW          471    STACK               startup_mkl25z4.o


==============================================================================

Image component sizes


      Code (inc. data)   RO Data    RW Data    ZI Data      Debug   Object Name

       280         16          0          0          0     155101   app_init.o
       136         14          0          0          0       1119   arm_cm0.o
       652         78          0          0          0       1705   board.o
       112         12          0          0          0        998   events.o
         0          0          0          0          0     156340   freemaster_appcmd.o
       324          4          0          1          0       4380   freemaster_kxx.o
       498          0          0          0          0       4147   freemaster_protocol.o
       184         12          0          9         32       2167   freemaster_scope.o
       924         50          0         28         76       3952   freemaster_serial.o
      1544         76        408       1544        512       4047   main.o
      7592        400          0          0          0      14418   mcg_kl25.o
        44         24        192          0       1024        896   startup_mkl25z4.o
       196         34          0          4          0        972   sysinit_kl25.o
        12          0          0          0          0        453   system_mkl25z4.o
       456         28          0         10          0       2427   tss_freemaster.o
        56          8         24         24          0     146435   tss_sensor.o
         0          0          0          0          0      30773   tss_sensorgpio.o
      2856         94         44          2         42      46550   tss_sensortsil.o
        14          0        244         74         56      29370   tss_systemsetupdata.o
       308         16          0          0          0       2172   uart_kl25.o
        12          4          0          0          0        475   wdog_kl25.o

    ----------------------------------------------------------------------
     16202        870        944       1708       1748     608897   Object Totals
         0          0         32          0          0          0   (incl. Generated)
         2          0          0         12          6          0   (incl. Padding)

    ----------------------------------------------------------------------

      Code (inc. data)   RO Data    RW Data    ZI Data      Debug   Library Member Name

      1774        112          0          0          0        452   tss_asliderdecoder.o
       142         30          0          0          0        316   tss_filters.o
      1306        232          0          8          0       1500   tss_keydetector.o
      2144        240          0          0          0        604   tss_keydetectornormal.o
       224         22          0          0          0         76   tss_keypaddecoder.o
      2644        336          0          8          0       1020   tss_main.o
       280         14          0          0          0         76   tss_matrixdecoder.o
       208         24          0          0          0         76   tss_sliderdecoder.o
        86          0          0          0          0          0   __dczerorl2.o
         0          0          0          0          0          0   entry.o
         0          0          0          0          0          0   entry10a.o
         0          0          0          0          0          0   entry11a.o
         8          4          0          0          0          0   entry2.o
         4          0          0          0          0          0   entry5.o
         0          0          0          0          0          0   entry7b.o
         0          0          0          0          0          0   entry8b.o
         8          4          0          0          0          0   entry9a.o
        30          0          0          0          0          0   handlers.o
        40          0          0          0          0         72   idiv.o
        36          8          0          0          0         68   init.o
         0          0          0          0          0          0   iusefp.o
        36          0          0          0          0         60   memcpya.o
        44          0          0          0          0         72   uidiv.o
       124          0          0          0          0         72   fdiv.o
       130          0          0          0          0        144   fepilogue.o
        40          0          0          0          0         60   ffixui.o
        22          0          0          0          0         68   fflti.o
       122          0          0          0          0         72   fmul.o

    ----------------------------------------------------------------------
      9466       1026          0         16          0       4808   Library Totals
        14          0          0          0          0          0   (incl. Padding)

    ----------------------------------------------------------------------

      Code (inc. data)   RO Data    RW Data    ZI Data      Debug   Library Name

      8722       1010          0         16          0       4120   TSS_KXX_M0.lib
       292         16          0          0          0        272   mc_p.l
       438          0          0          0          0        416   mf_p.l

    ----------------------------------------------------------------------
      9466       1026          0         16          0       4808   Library Totals

    ----------------------------------------------------------------------

==============================================================================


      Code (inc. data)   RO Data    RW Data    ZI Data      Debug   

     25668       1896        944       1724       1748     609837   Grand Totals
     25668       1896        944        320       1748     609837   ELF Image Totals (compressed)
     25668       1896        944        320          0          0   ROM Totals

==============================================================================

    Total RO  Size (Code + RO Data)                26612 (  25.99kB)
    Total RW  Size (RW Data + ZI Data)              3472 (   3.39kB)
    Total ROM Size (Code + RO Data + RW Data)      26932 (  26.30kB)

==============================================================================

