<html>
<body>
<pre>
<h1>µVision Build Log</h1>
<h2>Tool Versions:</h2>
IDE-Version: µVision V5.26.2.0
Copyright (C) 2018 ARM Ltd and ARM Germany GmbH. All rights reserved.
License Information: Dylan Christopherson, UW - Stout, LIC=----
 
Tool Versions:
Toolchain:       MDK-Lite  Version: 5.26.2.0
Toolchain Path:  D:\Downloads\arm_Keil\ARM\ARMCC\Bin
C Compiler:      Armcc.exe V5.06 update 6 (build 750)
Assembler:       Armasm.exe V5.06 update 6 (build 750)
Linker/Locator:  ArmLink.exe V5.06 update 6 (build 750)
Library Manager: ArmAr.exe V5.06 update 6 (build 750)
Hex Converter:   FromElf.exe V5.06 update 6 (build 750)
CPU DLL:         SARMCM3.DLL V5.26.2.0
Dialog DLL:      DARMCM1.DLL V1.19.1.0
Target DLL:      CMSIS_AGDI.dll V1.30.6.0
Dialog DLL:      TARMCM1.DLL V1.14.0.0
 
<h2>Project:</h2>
D:\School\msd\Labs\final_project\TSS_Platform-Frogger Game\TSS_Platform-Frogger Game\Platform\PLATFORM.uvproj
Project File Date:  04/22/2019

<h2>Output:</h2>
*** Using Compiler 'V5.06 update 6 (build 750)', folder: 'D:\Downloads\arm_Keil\ARM\ARMCC\Bin'
Build target 'PLATFORM - Cory Hahlbeck'
compiling freemaster_appcmd.c...
compiling events.c...
compiling app_init.c...
compiling freemaster_bdm.c...
compiling freemaster_can.c...
compiling freemaster_protocol.c...
compiling freemaster_rec.c...
compiling freemaster_scope.c...
compiling freemaster_serial.c...
compiling freemaster_tsa.c...
compiling freemaster_Kxx.c...
compiling arm_cm0.c...
compiling sysinit_kl25.c...
compiling wdog_kl25.c...
compiling uart_kl25.c...
compiling mcg_kl25.c...
compiling TSS_Freemaster.c...
compiling TSS_SensorGPIO.c...
compiling TSS_Sensor.c...
compiling TSS_SensorTSI.c...
compiling TSS_SystemSetupData.c...
compiling TSS_SensorTSIL.c...
assembling startup_MKL25Z4.s...
compiling main.c...
compiling system_MKL25Z4.c...
compiling board.c...
linking...
Program Size: Code=25668 RO-data=944 RW-data=1724 ZI-data=1748  
".\output\PLATFORM.axf" - 0 Error(s), 0 Warning(s).
Build Time Elapsed:  00:00:05
</pre>
</body>
</html>
